nightly-dev-cu13-20260927-425a1f8f: Pulling from lmsysorg/sglang
44136fa355b3: Already exists
4dafde0d42e7: Pulling fs layer
4f4fb700ef54: Pulling fs layer
7e05129a93da: Pulling fs layer
b1bb845f7496: Pulling fs layer
ec18686e50c8: Pulling fs layer
4f4fb700ef54: Pulling fs layer
eb49c381acb9: Pulling fs layer
f94b8aea4897: Pulling fs layer
1aae4a5929e5: Pulling fs layer
4f4fb700ef54: Pulling fs layer
166623d16a74: Pulling fs layer
ac49200bbbf3: Pulling fs layer
6daa3589f8a4: Pulling fs layer
5b8a8e9f060d: Pulling fs layer
c723204336da: Pulling fs layer
6823743a797b: Pulling fs layer
cbf1a8f72b6e: Pulling fs layer
714251193271: Pulling fs layer
a138758eb046: Pulling fs layer
01a98d64342e: Pulling fs layer
d339bccbe755: Pulling fs layer
f14ccd80bfa7: Pulling fs layer
6110a75f69db: Pulling fs layer
7bc128105813: Pulling fs layer
9a235fb0348a: Pulling fs layer
29b054d0458b: Pulling fs layer
0c4e0abb6003: Pulling fs layer
35a663520efe: Pulling fs layer
a90d3c9c541f: Pulling fs layer
5f227569645b: Pulling fs layer
e86a9dc94c87: Pulling fs layer
3293335c1044: Pulling fs layer
45431a323ee1: Pulling fs layer
c77d7b8cd9bb: Pulling fs layer
4f4fb700ef54: Pulling fs layer
1a0b92a37f42: Pulling fs layer
2ecd0f20a28e: Pulling fs layer
5b928d0edaa8: Pulling fs layer
53b7cca9ee17: Pulling fs layer
dfb4e7d9862f: Pulling fs layer
2323c4424acd: Pulling fs layer
cb2a095ea4b6: Pulling fs layer
d32e5103fb6a: Pulling fs layer
4ba6f54c5793: Pulling fs layer
0b7c73dc16fe: Pulling fs layer
ee70aba04bb0: Pulling fs layer
7826fd30acb4: Pulling fs layer
1f93e6041006: Pulling fs layer
bf2160d50068: Pulling fs layer
9c80a3c4ca8a: Pulling fs layer
296700e2ad48: Pulling fs layer
906fb846f43a: Pulling fs layer
4380369f2aae: Pulling fs layer
ff6faa608be1: Pulling fs layer
4f4fb700ef54: Already exists
fca7c47610ce: Download complete
ec18686e50c8: Download complete
b1bb845f7496: Download complete
6823743a797b: Download complete
cbf1a8f72b6e: Download complete
7bc128105813: Download complete
29b054d0458b: Download complete
ac49200bbbf3: Download complete
01a98d64342e: Download complete
0c4e0abb6003: Download complete
f94b8aea4897: Download complete
7e05129a93da: Download complete
c77d7b8cd9bb: Download complete
eb49c381acb9: Download complete
4ba6f54c5793: Download complete
1f93e6041006: Download complete
906fb846f43a: Download complete
166623d16a74: Download complete
ee70aba04bb0: Download complete
f14ccd80bfa7: Download complete
4380369f2aae: Download complete
e86a9dc94c87: Download complete
7826fd30acb4: Download complete
3293335c1044: Download complete
53b7cca9ee17: Download complete
0b7c73dc16fe: Download complete
d339bccbe755: Download complete
296700e2ad48: Download complete
5f227569645b: Download complete
bf2160d50068: Download complete
2323c4424acd: Download complete
4dafde0d42e7: Download complete
1aae4a5929e5: Download complete
5b928d0edaa8: Download complete
6daa3589f8a4: Download complete
9c80a3c4ca8a: Download complete
45431a323ee1: Download complete
4dafde0d42e7: Pull complete
ff6faa608be1: Download complete
714251193271: Download complete
dfb4e7d9862f: Download complete
166623d16a74: Pull complete
5b8a8e9f060d: Download complete
cb2a095ea4b6: Download complete
a138758eb046: Download complete
1a0b92a37f42: Download complete
35a663520efe: Download complete
2ecd0f20a28e: Download complete
c723204336da: Download complete
d32e5103fb6a: Download complete
e86a9dc94c87: Pull complete
45431a323ee1: Pull complete
4f4fb700ef54: Pull complete
b1bb845f7496: Pull complete
6823743a797b: Pull complete
7e05129a93da: Pull complete
a138758eb046: Pull complete
ff6faa608be1: Pull complete
ec18686e50c8: Pull complete
f94b8aea4897: Pull complete
eb49c381acb9: Pull complete
1f93e6041006: Pull complete
6110a75f69db: Download complete
9a235fb0348a: Download complete
a90d3c9c541f: Download complete
a90d3c9c541f: Pull complete
4380369f2aae: Pull complete
cbf1a8f72b6e: Pull complete
906fb846f43a: Pull complete
5f227569645b: Pull complete
9a235fb0348a: Pull complete
01a98d64342e: Pull complete
c77d7b8cd9bb: Pull complete
f14ccd80bfa7: Pull complete
1a0b92a37f42: Pull complete
0b7c73dc16fe: Pull complete
9c80a3c4ca8a: Pull complete
3293335c1044: Pull complete
ac49200bbbf3: Pull complete
296700e2ad48: Pull complete
d339bccbe755: Pull complete
2ecd0f20a28e: Pull complete
35a663520efe: Pull complete
6daa3589f8a4: Pull complete
5b8a8e9f060d: Pull complete
1aae4a5929e5: Pull complete
c723204336da: Pull complete
5b928d0edaa8: Pull complete
d32e5103fb6a: Pull complete
0c4e0abb6003: Pull complete
ee70aba04bb0: Pull complete
7bc128105813: Pull complete
29b054d0458b: Pull complete
4ba6f54c5793: Pull complete
53b7cca9ee17: Pull complete
7826fd30acb4: Pull complete
714251193271: Pull complete
cb2a095ea4b6: Pull complete
6110a75f69db: Pull complete
2323c4424acd: Pull complete
bf2160d50068: Pull complete
dfb4e7d9862f: Pull complete
Digest: sha256:750718d6416b730c6ebbdd2d2f86c78d31878e4bd5cdddcd64dd1ab9f7d5537d
Status: Downloaded newer image for lmsysorg/sglang:nightly-dev-cu13-20260927-425a1f8f
docker.io/lmsysorg/sglang:nightly-dev-cu13-20260927-425a1f8f
