rep0  prose ttft=1.091s ct=512 tok/s=54.32
rep0  prose ttft=0.478s ct=512 tok/s=51.42
rep0   code ttft=0.511s ct=512 tok/s=54.54
rep0   code ttft=0.516s ct=512 tok/s=55.48
rep0 reason ttft=0.694s ct=512 tok/s=62.47
rep0 reason ttft=0.515s ct=512 tok/s=52.75
rep0   list ttft=0.533s ct=512 tok/s=61.95
rep0 dialog ttft=0.479s ct=512 tok/s=53.38
rep1  prose ttft=0.463s ct=512 tok/s=54.65
rep1  prose ttft=0.474s ct=512 tok/s=51.41
rep1   code ttft=0.505s ct=512 tok/s=54.54
rep1   code ttft=0.514s ct=512 tok/s=55.48
rep1 reason ttft=0.624s ct=512 tok/s=62.30
rep1 reason ttft=0.514s ct=512 tok/s=52.73
rep1   list ttft=0.521s ct=512 tok/s=61.95
rep1 dialog ttft=0.479s ct=512 tok/s=53.37
rep2  prose ttft=0.463s ct=512 tok/s=54.65
rep2  prose ttft=0.474s ct=512 tok/s=51.41
rep2   code ttft=0.505s ct=512 tok/s=54.54
rep2   code ttft=0.513s ct=512 tok/s=55.48
rep2 reason ttft=0.624s ct=512 tok/s=62.32
rep2 reason ttft=0.514s ct=512 tok/s=52.75
rep2   list ttft=0.522s ct=512 tok/s=61.93
rep2 dialog ttft=0.479s ct=512 tok/s=53.37
rep3  prose ttft=0.463s ct=512 tok/s=54.65
rep3  prose ttft=0.475s ct=512 tok/s=51.40
rep3   code ttft=0.506s ct=512 tok/s=54.53
rep3   code ttft=0.513s ct=512 tok/s=55.47
rep3 reason ttft=0.624s ct=512 tok/s=62.31
rep3 reason ttft=0.514s ct=512 tok/s=52.76
rep3   list ttft=0.522s ct=512 tok/s=61.93
rep3 dialog ttft=0.480s ct=512 tok/s=53.36
 prose median=54.65 spread=0.0% ttft=0.463
 prose median=51.41 spread=0.0% ttft=0.474
  code median=54.54 spread=0.0% ttft=0.505
  code median=55.48 spread=0.0% ttft=0.513
reason median=62.31 spread=0.0% ttft=0.624
reason median=52.75 spread=0.0% ttft=0.514
  list median=61.93 spread=0.0% ttft=0.522
dialog median=53.37 spread=0.0% ttft=0.479
SUMMARY {"lane": "seqs1", "max_tokens": 512, "scored_reps": 3, "prompts": 8, "c1_median_tok_s": 54.591591164513545, "max_spread_pct": 0.040747226257793694, "ttft_median": 0.5092147588729858}
