rep0  prose ttft=1.827s ct=512 tok/s=54.40
rep0  prose ttft=0.477s ct=512 tok/s=51.43
rep0   code ttft=0.509s ct=512 tok/s=54.51
rep0   code ttft=0.514s ct=512 tok/s=55.45
rep0 reason ttft=0.735s ct=512 tok/s=62.52
rep0 reason ttft=0.513s ct=512 tok/s=52.77
rep0   list ttft=0.532s ct=512 tok/s=62.01
rep0 dialog ttft=0.478s ct=512 tok/s=53.42
rep1  prose ttft=0.461s ct=512 tok/s=54.70
rep1  prose ttft=0.473s ct=512 tok/s=51.43
rep1   code ttft=0.503s ct=512 tok/s=54.52
rep1   code ttft=0.512s ct=512 tok/s=55.46
rep1 reason ttft=0.622s ct=512 tok/s=62.34
rep1 reason ttft=0.513s ct=512 tok/s=52.78
rep1   list ttft=0.520s ct=512 tok/s=62.00
rep1 dialog ttft=0.477s ct=512 tok/s=53.42
rep2  prose ttft=0.462s ct=512 tok/s=54.71
rep2  prose ttft=0.473s ct=512 tok/s=51.44
rep2   code ttft=0.504s ct=512 tok/s=54.51
rep2   code ttft=0.512s ct=512 tok/s=55.44
rep2 reason ttft=0.622s ct=512 tok/s=62.35
rep2 reason ttft=0.512s ct=512 tok/s=52.77
rep2   list ttft=0.517s ct=512 tok/s=62.00
rep2 dialog ttft=0.478s ct=512 tok/s=53.42
rep3  prose ttft=0.461s ct=512 tok/s=54.70
rep3  prose ttft=0.472s ct=512 tok/s=51.44
rep3   code ttft=0.503s ct=512 tok/s=54.51
rep3   code ttft=0.511s ct=512 tok/s=55.44
rep3 reason ttft=0.622s ct=512 tok/s=62.35
rep3 reason ttft=0.513s ct=512 tok/s=52.78
rep3   list ttft=0.520s ct=512 tok/s=62.00
rep3 dialog ttft=0.478s ct=512 tok/s=53.43
 prose median=54.70 spread=0.0% ttft=0.461
 prose median=51.44 spread=0.0% ttft=0.473
  code median=54.51 spread=0.0% ttft=0.503
  code median=55.44 spread=0.0% ttft=0.512
reason median=62.35 spread=0.0% ttft=0.622
reason median=52.78 spread=0.0% ttft=0.513
  list median=62.00 spread=0.0% ttft=0.520
dialog median=53.42 spread=0.0% ttft=0.478
SUMMARY {"lane": "seqs2", "max_tokens": 512, "scored_reps": 3, "prompts": 8, "c1_median_tok_s": 54.607957705281535, "max_spread_pct": 0.03283572188986669, "ttft_median": 0.5075552463531494}
