BEGIN k1-256k primary 1789336766.4832342
{"lane": "k1-256k", "out": "~/mtp-quality-20260913-k2/results/k1-256k-primary.jsonl", "summary": {"error_count": 0, "fail_count": 10, "invalid_count": 0, "oracle_error_count": 0, "pass_count": 190, "protocol_error_count": 0, "total_count": 200, "valid_count": 200}, "wrote": 200}
END k1-256k primary 1789337223.6220257
BEGIN k1-256k secondary 1789337223.626233
{"lane": "k1-256k", "fixture": "grounded-0", "category": "grounded", "repeat": 0, "fixture_sha256": "3f21fb67da4c9320419a67077dc256f73f4627fa9bdcd42457459fa5ac0d8fbe", "wall_s": 4.809057425009087, "protocol_ok": true, "passed": true}
{"lane": "k1-256k", "fixture": "grounded-1", "category": "grounded", "repeat": 0, "fixture_sha256": "89f0e2969bce95612b3d917160f0af195146dce2399894183c839cb5c55726d5", "wall_s": 4.050461842009099, "protocol_ok": true, "passed": true}
{"lane": "k1-256k", "fixture": "grounded-2", "category": "grounded", "repeat": 0, "fixture_sha256": "59ef1da517c68ae252fcd381568f8650847a324650ce9d367f703d191d1a28f8", "wall_s": 3.7982231650094036, "protocol_ok": true, "passed": true}
{"lane": "k1-256k", "fixture": "grounded-3", "category": "grounded", "repeat": 0, "fixture_sha256": "dbf003514f67361065313c7080cbefbf8ec3daed795b2192ec26c0cc66ea0727", "wall_s": 2.9860500259965193, "protocol_ok": true, "passed": true}
{"lane": "k1-256k", "fixture": "grounded-4", "category": "grounded", "repeat": 0, "fixture_sha256": "89355580a85af79671a398d454975623ea095b54a2a624bb6013867324ba8f13", "wall_s": 5.501071070990292, "protocol_ok": true, "passed": true}
{"lane": "k1-256k", "fixture": "grounded-5", "category": "grounded", "repeat": 0, "fixture_sha256": "40d553a6c12e160e2b40a519cb8281ab749c29a02bff2470f7af6e16e0eb9abe", "wall_s": 4.48710096499417, "protocol_ok": true, "passed": true}
{"lane": "k1-256k", "fixture": "grounded-6", "category": "grounded", "repeat": 0, "fixture_sha256": "9b37bf78e628c99e40b95a2078f8115edafb2bef8145086e1be45f299e626360", "wall_s": 3.1780523310007993, "protocol_ok": true, "passed": true}
{"lane": "k1-256k", "fixture": "grounded-7", "category": "grounded", "repeat": 0, "fixture_sha256": "0afdbd8939c126f2d696b619e464773abf2a76cf118098012823d5fa5d0389ac", "wall_s": 4.490031593013555, "protocol_ok": true, "passed": true}
{"lane": "k1-256k", "fixture": "grounded-8", "category": "grounded", "repeat": 0, "fixture_sha256": "0eb163fdbd2a8676105756890d8306e9e7eb0ca590f83db033365268331d9f39", "wall_s": 5.930187252000906, "protocol_ok": true, "passed": true}
{"lane": "k1-256k", "fixture": "grounded-9", "category": "grounded", "repeat": 0, "fixture_sha256": "b0abf079283e8e79b82dfe20465598b880575afdd6c6a1da99092b57aa543115", "wall_s": 4.619955350004602, "protocol_ok": true, "passed": true}
{"lane": "k1-256k", "fixture": "structure-0", "category": "structured", "repeat": 0, "fixture_sha256": "fd64d8918ed6265da45398e4872d7b1ea95525a987d7d015809f0b1daee0164f", "wall_s": 12.124526820989558, "protocol_ok": true, "passed": false}
{"lane": "k1-256k", "fixture": "structure-1", "category": "structured", "repeat": 0, "fixture_sha256": "0c095e77cdbc93ebbff0d9fa143e252c84f37131b7b54ac68625e85bd5fbd9dd", "wall_s": 1.9789484130160417, "protocol_ok": true, "passed": false}
{"lane": "k1-256k", "fixture": "structure-2", "category": "structured", "repeat": 0, "fixture_sha256": "c91bf51f5e67692e735decb31e9575a764987184b697ca999c8c4735aa831e10", "wall_s": 3.824673623981653, "protocol_ok": true, "passed": false}
{"lane": "k1-256k", "fixture": "structure-3", "category": "structured", "repeat": 0, "fixture_sha256": "79dec14094882ac4eb8b5cd6499939ff978cb7ce01130fd893cfa701871ce4dc", "wall_s": 1.7159799119981471, "protocol_ok": true, "passed": true}
{"lane": "k1-256k", "fixture": "structure-4", "category": "structured", "repeat": 0, "fixture_sha256": "86dfd1026665efebd80e3711129a63ff1a8d1d6a9e6e8eeb1cc22fda5b5001eb", "wall_s": 2.554290439991746, "protocol_ok": true, "passed": true}
{"lane": "k1-256k", "fixture": "structure-5", "category": "structured", "repeat": 0, "fixture_sha256": "137f7dc5ee49275fa6865604bdccf192144d319e921ac95026903a89d2a2f4c8", "wall_s": 2.1485719560005236, "protocol_ok": true, "passed": true}
{"lane": "k1-256k", "fixture": "structure-6", "category": "structured", "repeat": 0, "fixture_sha256": "5ed607fc06e5ee92b9cbed0fa48541867c56455bed7af0f9dfb80c051c574f1c", "wall_s": 7.8400455709779635, "protocol_ok": true, "passed": false}
{"lane": "k1-256k", "fixture": "structure-7", "category": "structured", "repeat": 0, "fixture_sha256": "6031e4d218977970ff99393756f8d290ef4b3f74e61ad9153c9b81f7f701d27d", "wall_s": 1.2033335769956466, "protocol_ok": true, "passed": false}
{"lane": "k1-256k", "fixture": "structure-8", "category": "structured", "repeat": 0, "fixture_sha256": "452a5ba929bebb86e7dc55c337d1d1cba46b14d5a2f2e4c0903f517d8c66db4a", "wall_s": 7.432234143023379, "protocol_ok": true, "passed": false}
{"lane": "k1-256k", "fixture": "structure-9", "category": "structured", "repeat": 0, "fixture_sha256": "e005b752969118196cf927b798c4387ca454c0e7a33c1b7480ee0106bcf619e0", "wall_s": 2.22316221598885, "protocol_ok": true, "passed": true}
{"lane": "k1-256k", "fixture": "grounded-0", "category": "grounded", "repeat": 1, "fixture_sha256": "3f21fb67da4c9320419a67077dc256f73f4627fa9bdcd42457459fa5ac0d8fbe", "wall_s": 4.4293197660008445, "protocol_ok": true, "passed": true}
{"lane": "k1-256k", "fixture": "grounded-1", "category": "grounded", "repeat": 1, "fixture_sha256": "89f0e2969bce95612b3d917160f0af195146dce2399894183c839cb5c55726d5", "wall_s": 3.0290899440005887, "protocol_ok": true, "passed": true}
{"lane": "k1-256k", "fixture": "grounded-2", "category": "grounded", "repeat": 1, "fixture_sha256": "59ef1da517c68ae252fcd381568f8650847a324650ce9d367f703d191d1a28f8", "wall_s": 4.172936051996658, "protocol_ok": true, "passed": true}
{"lane": "k1-256k", "fixture": "grounded-3", "category": "grounded", "repeat": 1, "fixture_sha256": "dbf003514f67361065313c7080cbefbf8ec3daed795b2192ec26c0cc66ea0727", "wall_s": 2.691013734001899, "protocol_ok": true, "passed": true}
{"lane": "k1-256k", "fixture": "grounded-4", "category": "grounded", "repeat": 1, "fixture_sha256": "89355580a85af79671a398d454975623ea095b54a2a624bb6013867324ba8f13", "wall_s": 4.351824681012658, "protocol_ok": true, "passed": true}
{"lane": "k1-256k", "fixture": "grounded-5", "category": "grounded", "repeat": 1, "fixture_sha256": "40d553a6c12e160e2b40a519cb8281ab749c29a02bff2470f7af6e16e0eb9abe", "wall_s": 4.146422452991828, "protocol_ok": true, "passed": true}
{"lane": "k1-256k", "fixture": "grounded-6", "category": "grounded", "repeat": 1, "fixture_sha256": "9b37bf78e628c99e40b95a2078f8115edafb2bef8145086e1be45f299e626360", "wall_s": 2.6521471030137036, "protocol_ok": true, "passed": true}
{"lane": "k1-256k", "fixture": "grounded-7", "category": "grounded", "repeat": 1, "fixture_sha256": "0afdbd8939c126f2d696b619e464773abf2a76cf118098012823d5fa5d0389ac", "wall_s": 4.079966321995016, "protocol_ok": true, "passed": true}
{"lane": "k1-256k", "fixture": "grounded-8", "category": "grounded", "repeat": 1, "fixture_sha256": "0eb163fdbd2a8676105756890d8306e9e7eb0ca590f83db033365268331d9f39", "wall_s": 3.8107572899898514, "protocol_ok": true, "passed": true}
{"lane": "k1-256k", "fixture": "grounded-9", "category": "grounded", "repeat": 1, "fixture_sha256": "b0abf079283e8e79b82dfe20465598b880575afdd6c6a1da99092b57aa543115", "wall_s": 3.7086292330059223, "protocol_ok": true, "passed": true}
{"lane": "k1-256k", "fixture": "structure-0", "category": "structured", "repeat": 1, "fixture_sha256": "fd64d8918ed6265da45398e4872d7b1ea95525a987d7d015809f0b1daee0164f", "wall_s": 9.385002046998125, "protocol_ok": true, "passed": false}
{"lane": "k1-256k", "fixture": "structure-1", "category": "structured", "repeat": 1, "fixture_sha256": "0c095e77cdbc93ebbff0d9fa143e252c84f37131b7b54ac68625e85bd5fbd9dd", "wall_s": 4.617259886988904, "protocol_ok": true, "passed": false}
{"lane": "k1-256k", "fixture": "structure-2", "category": "structured", "repeat": 1, "fixture_sha256": "c91bf51f5e67692e735decb31e9575a764987184b697ca999c8c4735aa831e10", "wall_s": 1.143817272997694, "protocol_ok": true, "passed": true}
{"lane": "k1-256k", "fixture": "structure-3", "category": "structured", "repeat": 1, "fixture_sha256": "79dec14094882ac4eb8b5cd6499939ff978cb7ce01130fd893cfa701871ce4dc", "wall_s": 1.382270742993569, "protocol_ok": true, "passed": true}
{"lane": "k1-256k", "fixture": "structure-4", "category": "structured", "repeat": 1, "fixture_sha256": "86dfd1026665efebd80e3711129a63ff1a8d1d6a9e6e8eeb1cc22fda5b5001eb", "wall_s": 8.179818567004986, "protocol_ok": true, "passed": false}
{"lane": "k1-256k", "fixture": "structure-5", "category": "structured", "repeat": 1, "fixture_sha256": "137f7dc5ee49275fa6865604bdccf192144d319e921ac95026903a89d2a2f4c8", "wall_s": 1.0751312180073, "protocol_ok": true, "passed": true}
{"lane": "k1-256k", "fixture": "structure-6", "category": "structured", "repeat": 1, "fixture_sha256": "5ed607fc06e5ee92b9cbed0fa48541867c56455bed7af0f9dfb80c051c574f1c", "wall_s": 1.1604779020126443, "protocol_ok": true, "passed": true}
{"lane": "k1-256k", "fixture": "structure-7", "category": "structured", "repeat": 1, "fixture_sha256": "6031e4d218977970ff99393756f8d290ef4b3f74e61ad9153c9b81f7f701d27d", "wall_s": 0.9017605240223929, "protocol_ok": true, "passed": false}
{"lane": "k1-256k", "fixture": "structure-8", "category": "structured", "repeat": 1, "fixture_sha256": "452a5ba929bebb86e7dc55c337d1d1cba46b14d5a2f2e4c0903f517d8c66db4a", "wall_s": 6.37456582399318, "protocol_ok": true, "passed": false}
{"lane": "k1-256k", "fixture": "structure-9", "category": "structured", "repeat": 1, "fixture_sha256": "e005b752969118196cf927b798c4387ca454c0e7a33c1b7480ee0106bcf619e0", "wall_s": 2.0114905419759452, "protocol_ok": true, "passed": true}
{"fixture": "tool-chain-0", "passed": true}
{"fixture": "tool-chain-1", "passed": true}
{"fixture": "tool-chain-2", "passed": true}
{"fixture": "tool-chain-3", "passed": true}
{"lane": "k1-256k", "summary": {"pass": 33, "total": 44}}
END k1-256k secondary 1789337479.734948
BEGIN k1-256k speed 1789337479.877743
{"lane": "k1-256k", "speed_summary": {"short": {"median_effective_tps": 50.139537849043926, "median_wall_s": 10.211502179008676}, "long": {"median_effective_tps": 45.184154325122776, "median_wall_s": 11.331406056997366}}}
END k1-256k speed 1789337653.4175453
LANE_COMPLETE k1-256k
