BEGIN k2-256k primary 1789335172.9049954
{"lane": "k2-256k", "out": "~/mtp-quality-20260913-k2/results/k2-256k-primary.jsonl", "summary": {"error_count": 0, "fail_count": 9, "invalid_count": 0, "oracle_error_count": 0, "pass_count": 191, "protocol_error_count": 0, "total_count": 200, "valid_count": 200}, "wrote": 200}
END k2-256k primary 1789335600.0095913
BEGIN k2-256k secondary 1789335600.01383
{"lane": "k2-256k", "fixture": "grounded-0", "category": "grounded", "repeat": 0, "fixture_sha256": "3f21fb67da4c9320419a67077dc256f73f4627fa9bdcd42457459fa5ac0d8fbe", "wall_s": 4.340678535983898, "protocol_ok": true, "passed": true}
{"lane": "k2-256k", "fixture": "grounded-1", "category": "grounded", "repeat": 0, "fixture_sha256": "89f0e2969bce95612b3d917160f0af195146dce2399894183c839cb5c55726d5", "wall_s": 3.116611922014272, "protocol_ok": true, "passed": false}
{"lane": "k2-256k", "fixture": "grounded-2", "category": "grounded", "repeat": 0, "fixture_sha256": "59ef1da517c68ae252fcd381568f8650847a324650ce9d367f703d191d1a28f8", "wall_s": 4.063121832004981, "protocol_ok": true, "passed": true}
{"lane": "k2-256k", "fixture": "grounded-3", "category": "grounded", "repeat": 0, "fixture_sha256": "dbf003514f67361065313c7080cbefbf8ec3daed795b2192ec26c0cc66ea0727", "wall_s": 2.768469255999662, "protocol_ok": true, "passed": true}
{"lane": "k2-256k", "fixture": "grounded-4", "category": "grounded", "repeat": 0, "fixture_sha256": "89355580a85af79671a398d454975623ea095b54a2a624bb6013867324ba8f13", "wall_s": 4.895195711025735, "protocol_ok": true, "passed": true}
{"lane": "k2-256k", "fixture": "grounded-5", "category": "grounded", "repeat": 0, "fixture_sha256": "40d553a6c12e160e2b40a519cb8281ab749c29a02bff2470f7af6e16e0eb9abe", "wall_s": 4.083480439992854, "protocol_ok": true, "passed": true}
{"lane": "k2-256k", "fixture": "grounded-6", "category": "grounded", "repeat": 0, "fixture_sha256": "9b37bf78e628c99e40b95a2078f8115edafb2bef8145086e1be45f299e626360", "wall_s": 2.939784652000526, "protocol_ok": true, "passed": true}
{"lane": "k2-256k", "fixture": "grounded-7", "category": "grounded", "repeat": 0, "fixture_sha256": "0afdbd8939c126f2d696b619e464773abf2a76cf118098012823d5fa5d0389ac", "wall_s": 4.01125476800371, "protocol_ok": true, "passed": true}
{"lane": "k2-256k", "fixture": "grounded-8", "category": "grounded", "repeat": 0, "fixture_sha256": "0eb163fdbd2a8676105756890d8306e9e7eb0ca590f83db033365268331d9f39", "wall_s": 5.2418624330020975, "protocol_ok": true, "passed": true}
{"lane": "k2-256k", "fixture": "grounded-9", "category": "grounded", "repeat": 0, "fixture_sha256": "b0abf079283e8e79b82dfe20465598b880575afdd6c6a1da99092b57aa543115", "wall_s": 4.0979190779908095, "protocol_ok": true, "passed": true}
{"lane": "k2-256k", "fixture": "structure-0", "category": "structured", "repeat": 0, "fixture_sha256": "fd64d8918ed6265da45398e4872d7b1ea95525a987d7d015809f0b1daee0164f", "wall_s": 10.71589781800867, "protocol_ok": true, "passed": false}
{"lane": "k2-256k", "fixture": "structure-1", "category": "structured", "repeat": 0, "fixture_sha256": "0c095e77cdbc93ebbff0d9fa143e252c84f37131b7b54ac68625e85bd5fbd9dd", "wall_s": 1.8730331689876039, "protocol_ok": true, "passed": false}
{"lane": "k2-256k", "fixture": "structure-2", "category": "structured", "repeat": 0, "fixture_sha256": "c91bf51f5e67692e735decb31e9575a764987184b697ca999c8c4735aa831e10", "wall_s": 5.31336646998534, "protocol_ok": true, "passed": false}
{"lane": "k2-256k", "fixture": "structure-3", "category": "structured", "repeat": 0, "fixture_sha256": "79dec14094882ac4eb8b5cd6499939ff978cb7ce01130fd893cfa701871ce4dc", "wall_s": 1.6964756720117293, "protocol_ok": true, "passed": true}
{"lane": "k2-256k", "fixture": "structure-4", "category": "structured", "repeat": 0, "fixture_sha256": "86dfd1026665efebd80e3711129a63ff1a8d1d6a9e6e8eeb1cc22fda5b5001eb", "wall_s": 2.4237734930065926, "protocol_ok": true, "passed": true}
{"lane": "k2-256k", "fixture": "structure-5", "category": "structured", "repeat": 0, "fixture_sha256": "137f7dc5ee49275fa6865604bdccf192144d319e921ac95026903a89d2a2f4c8", "wall_s": 2.0804872080043424, "protocol_ok": true, "passed": true}
{"lane": "k2-256k", "fixture": "structure-6", "category": "structured", "repeat": 0, "fixture_sha256": "5ed607fc06e5ee92b9cbed0fa48541867c56455bed7af0f9dfb80c051c574f1c", "wall_s": 6.841635110002244, "protocol_ok": true, "passed": false}
{"lane": "k2-256k", "fixture": "structure-7", "category": "structured", "repeat": 0, "fixture_sha256": "6031e4d218977970ff99393756f8d290ef4b3f74e61ad9153c9b81f7f701d27d", "wall_s": 1.17877891700482, "protocol_ok": true, "passed": false}
{"lane": "k2-256k", "fixture": "structure-8", "category": "structured", "repeat": 0, "fixture_sha256": "452a5ba929bebb86e7dc55c337d1d1cba46b14d5a2f2e4c0903f517d8c66db4a", "wall_s": 6.708213634992717, "protocol_ok": true, "passed": false}
{"lane": "k2-256k", "fixture": "structure-9", "category": "structured", "repeat": 0, "fixture_sha256": "e005b752969118196cf927b798c4387ca454c0e7a33c1b7480ee0106bcf619e0", "wall_s": 2.080830413993681, "protocol_ok": true, "passed": true}
{"lane": "k2-256k", "fixture": "grounded-0", "category": "grounded", "repeat": 1, "fixture_sha256": "3f21fb67da4c9320419a67077dc256f73f4627fa9bdcd42457459fa5ac0d8fbe", "wall_s": 3.888331472990103, "protocol_ok": true, "passed": true}
{"lane": "k2-256k", "fixture": "grounded-1", "category": "grounded", "repeat": 1, "fixture_sha256": "89f0e2969bce95612b3d917160f0af195146dce2399894183c839cb5c55726d5", "wall_s": 2.651749081996968, "protocol_ok": true, "passed": true}
{"lane": "k2-256k", "fixture": "grounded-2", "category": "grounded", "repeat": 1, "fixture_sha256": "59ef1da517c68ae252fcd381568f8650847a324650ce9d367f703d191d1a28f8", "wall_s": 3.6946871819964144, "protocol_ok": true, "passed": true}
{"lane": "k2-256k", "fixture": "grounded-3", "category": "grounded", "repeat": 1, "fixture_sha256": "dbf003514f67361065313c7080cbefbf8ec3daed795b2192ec26c0cc66ea0727", "wall_s": 2.471262039995054, "protocol_ok": true, "passed": true}
{"lane": "k2-256k", "fixture": "grounded-4", "category": "grounded", "repeat": 1, "fixture_sha256": "89355580a85af79671a398d454975623ea095b54a2a624bb6013867324ba8f13", "wall_s": 3.8514894880063366, "protocol_ok": true, "passed": true}
{"lane": "k2-256k", "fixture": "grounded-5", "category": "grounded", "repeat": 1, "fixture_sha256": "40d553a6c12e160e2b40a519cb8281ab749c29a02bff2470f7af6e16e0eb9abe", "wall_s": 3.717922373994952, "protocol_ok": true, "passed": true}
{"lane": "k2-256k", "fixture": "grounded-6", "category": "grounded", "repeat": 1, "fixture_sha256": "9b37bf78e628c99e40b95a2078f8115edafb2bef8145086e1be45f299e626360", "wall_s": 2.2954872269765474, "protocol_ok": true, "passed": true}
{"lane": "k2-256k", "fixture": "grounded-7", "category": "grounded", "repeat": 1, "fixture_sha256": "0afdbd8939c126f2d696b619e464773abf2a76cf118098012823d5fa5d0389ac", "wall_s": 3.607572791981511, "protocol_ok": true, "passed": true}
{"lane": "k2-256k", "fixture": "grounded-8", "category": "grounded", "repeat": 1, "fixture_sha256": "0eb163fdbd2a8676105756890d8306e9e7eb0ca590f83db033365268331d9f39", "wall_s": 3.4288056890072767, "protocol_ok": true, "passed": true}
{"lane": "k2-256k", "fixture": "grounded-9", "category": "grounded", "repeat": 1, "fixture_sha256": "b0abf079283e8e79b82dfe20465598b880575afdd6c6a1da99092b57aa543115", "wall_s": 3.3112123030005023, "protocol_ok": true, "passed": true}
{"lane": "k2-256k", "fixture": "structure-0", "category": "structured", "repeat": 1, "fixture_sha256": "fd64d8918ed6265da45398e4872d7b1ea95525a987d7d015809f0b1daee0164f", "wall_s": 8.374977622996084, "protocol_ok": true, "passed": false}
{"lane": "k2-256k", "fixture": "structure-1", "category": "structured", "repeat": 1, "fixture_sha256": "0c095e77cdbc93ebbff0d9fa143e252c84f37131b7b54ac68625e85bd5fbd9dd", "wall_s": 7.0805507540062536, "protocol_ok": true, "passed": false}
{"lane": "k2-256k", "fixture": "structure-2", "category": "structured", "repeat": 1, "fixture_sha256": "c91bf51f5e67692e735decb31e9575a764987184b697ca999c8c4735aa831e10", "wall_s": 1.0895896769943647, "protocol_ok": true, "passed": true}
{"lane": "k2-256k", "fixture": "structure-3", "category": "structured", "repeat": 1, "fixture_sha256": "79dec14094882ac4eb8b5cd6499939ff978cb7ce01130fd893cfa701871ce4dc", "wall_s": 1.3702217300015036, "protocol_ok": true, "passed": true}
{"lane": "k2-256k", "fixture": "structure-4", "category": "structured", "repeat": 1, "fixture_sha256": "86dfd1026665efebd80e3711129a63ff1a8d1d6a9e6e8eeb1cc22fda5b5001eb", "wall_s": 50.49992415099405, "protocol_ok": false, "passed": false}
{"lane": "k2-256k", "fixture": "structure-5", "category": "structured", "repeat": 1, "fixture_sha256": "137f7dc5ee49275fa6865604bdccf192144d319e921ac95026903a89d2a2f4c8", "wall_s": 1.124263779987814, "protocol_ok": true, "passed": true}
{"lane": "k2-256k", "fixture": "structure-6", "category": "structured", "repeat": 1, "fixture_sha256": "5ed607fc06e5ee92b9cbed0fa48541867c56455bed7af0f9dfb80c051c574f1c", "wall_s": 1.1325496709905565, "protocol_ok": true, "passed": true}
{"lane": "k2-256k", "fixture": "structure-7", "category": "structured", "repeat": 1, "fixture_sha256": "6031e4d218977970ff99393756f8d290ef4b3f74e61ad9153c9b81f7f701d27d", "wall_s": 0.8558729049982503, "protocol_ok": true, "passed": false}
{"lane": "k2-256k", "fixture": "structure-8", "category": "structured", "repeat": 1, "fixture_sha256": "452a5ba929bebb86e7dc55c337d1d1cba46b14d5a2f2e4c0903f517d8c66db4a", "wall_s": 5.771886500995606, "protocol_ok": true, "passed": false}
{"lane": "k2-256k", "fixture": "structure-9", "category": "structured", "repeat": 1, "fixture_sha256": "e005b752969118196cf927b798c4387ca454c0e7a33c1b7480ee0106bcf619e0", "wall_s": 1.8911191659863107, "protocol_ok": true, "passed": true}
{"fixture": "tool-chain-0", "passed": true}
{"fixture": "tool-chain-1", "passed": true}
{"fixture": "tool-chain-2", "passed": true}
{"fixture": "tool-chain-3", "passed": true}
{"lane": "k2-256k", "summary": {"pass": 32, "total": 44}}
END k2-256k secondary 1789335885.6941142
BEGIN k2-256k speed 1789335885.7090287
{"lane": "k2-256k", "speed_summary": {"short": {"median_effective_tps": 51.41436431531194, "median_wall_s": 9.958306532003917}, "long": {"median_effective_tps": 48.621755824611334, "median_wall_s": 10.530265542998677}}}
END k2-256k speed 1789336051.1422358
LANE_COMPLETE k2-256k
