[glmf-ar] F1-paginate-0 h0 solved calls=5 dups=0+0 turns=6 66.6s
[glmf-ar] F1-paginate-1 h0 solved calls=5 dups=0+0 turns=6 67.8s
[glmf-ar] F1-paginate-2 h0 solved calls=5 dups=0+0 turns=6 67.1s
[glmf-ar] F1-paginate-3 h0 solved calls=5 dups=0+0 turns=6 70.2s
[glmf-ar] F1-paginate-4 h0 solved calls=5 dups=0+0 turns=6 7.4s
[glmf-ar] F1-paginate-5 h0 solved calls=5 dups=0+0 turns=6 10.5s
[glmf-ar] F2-eacces-0 h0 solved calls=2 dups=0+0 turns=3 1.5s
[glmf-ar] F2-eacces-1 h0 solved calls=2 dups=0+0 turns=3 2.1s
[glmf-ar] F2-eacces-2 h0 solved calls=2 dups=0+0 turns=3 2.1s
[glmf-ar] F2-eacces-3 h0 solved calls=2 dups=0+0 turns=3 2.2s
[glmf-ar] F2-eacces-4 h0 solved calls=2 dups=0+0 turns=3 2.2s
[glmf-ar] F2-eacces-5 h0 solved calls=2 dups=0+0 turns=3 1.6s
[glmf-ar] F3-fanout-0 h0 solved calls=12 dups=0+0 turns=2 32.6s
[glmf-ar] F3-fanout-1 h0 solved calls=13 dups=0+0 turns=2 31.8s
[glmf-ar] F3-fanout-2 h0 solved calls=13 dups=0+0 turns=2 30.8s
[glmf-ar] F3-fanout-3 h0 solved calls=12 dups=0+0 turns=2 32.8s
[glmf-ar] F3-fanout-4 h0 solved calls=13 dups=0+0 turns=2 7.8s
[glmf-ar] F3-fanout-5 h0 solved calls=12 dups=0+0 turns=2 8.2s
[glmf-ar] F4-fixloop-0 h0 solved calls=4 dups=0+0 turns=4 2.1s
[glmf-ar] F4-fixloop-1 h0 solved calls=4 dups=0+0 turns=4 2.9s
[glmf-ar] F4-fixloop-2 h0 solved calls=4 dups=0+0 turns=4 2.7s
[glmf-ar] F4-fixloop-3 h0 solved calls=4 dups=0+0 turns=4 2.7s
[glmf-ar] F4-fixloop-4 h0 solved calls=4 dups=0+0 turns=4 3.6s
[glmf-ar] F4-fixloop-5 h0 solved calls=4 dups=0+0 turns=4 5.0s
[glmf-ar] F5-enoent-0 h0 solved calls=3 dups=0+0 turns=4 3.1s
[glmf-ar] F5-enoent-1 h0 solved calls=3 dups=0+0 turns=4 2.9s
[glmf-ar] F5-enoent-2 h0 solved calls=3 dups=0+0 turns=4 3.8s
[glmf-ar] F5-enoent-3 h0 solved calls=3 dups=0+0 turns=4 3.6s
[glmf-ar] F5-enoent-4 h0 solved calls=3 dups=0+0 turns=4 3.6s
[glmf-ar] F5-enoent-5 h0 solved calls=3 dups=0+0 turns=4 3.1s
[glmf-ar] F6-multihop-0 h0 solved calls=2 dups=0+0 turns=3 3.2s
[glmf-ar] F6-multihop-1 h0 solved calls=2 dups=0+0 turns=3 3.3s
[glmf-ar] F6-multihop-2 h0 solved calls=2 dups=0+0 turns=3 3.0s
[glmf-ar] F6-multihop-3 h0 solved calls=2 dups=0+0 turns=3 15.8s
[glmf-ar] F6-multihop-4 h0 solved calls=2 dups=0+0 turns=3 16.0s
[glmf-ar] F6-multihop-5 h0 solved calls=2 dups=0+0 turns=3 16.0s
[glmf-ar] F1-paginate-0 h1 solved calls=5 dups=0+0 turns=6 17.8s
[glmf-ar] F1-paginate-1 h1 solved calls=5 dups=0+0 turns=6 6.3s
[glmf-ar] F1-paginate-2 h1 solved calls=5 dups=0+0 turns=6 7.5s
[glmf-ar] F1-paginate-3 h1 solved calls=5 dups=0+0 turns=6 5.6s
[glmf-ar] F1-paginate-4 h1 solved calls=5 dups=0+0 turns=6 7.0s
[glmf-ar] F1-paginate-5 h1 solved calls=5 dups=0+0 turns=6 8.6s
[glmf-ar] F2-eacces-0 h1 solved calls=2 dups=0+0 turns=3 1.2s
[glmf-ar] F2-eacces-1 h1 solved calls=2 dups=0+0 turns=3 1.2s
[glmf-ar] F2-eacces-2 h1 solved calls=2 dups=0+0 turns=3 2.4s
[glmf-ar] F2-eacces-3 h1 solved calls=2 dups=0+0 turns=3 1.7s
[glmf-ar] F2-eacces-4 h1 solved calls=2 dups=0+0 turns=3 1.7s
[glmf-ar] F2-eacces-5 h1 solved calls=2 dups=0+0 turns=3 2.0s
[glmf-ar] F3-fanout-0 h1 solved calls=12 dups=0+0 turns=2 5.1s
[glmf-ar] F3-fanout-1 h1 solved calls=12 dups=0+0 turns=2 5.1s
[glmf-ar] F3-fanout-2 h1 solved calls=12 dups=0+0 turns=2 4.0s
[glmf-ar] F3-fanout-3 h1 solved calls=12 dups=0+0 turns=2 4.2s
[glmf-ar] F3-fanout-4 h1 solved calls=12 dups=0+0 turns=2 5.8s
[glmf-ar] F3-fanout-5 h1 solved calls=12 dups=0+0 turns=2 7.1s
[glmf-ar] F4-fixloop-0 h1 solved calls=4 dups=0+0 turns=4 1.7s
[glmf-ar] F4-fixloop-1 h1 solved calls=4 dups=0+0 turns=4 2.9s
[glmf-ar] F4-fixloop-2 h1 solved calls=4 dups=0+0 turns=4 2.7s
[glmf-ar] F4-fixloop-3 h1 solved calls=4 dups=0+0 turns=4 2.7s
[glmf-ar] F4-fixloop-4 h1 solved calls=4 dups=0+0 turns=4 2.9s
[glmf-ar] F4-fixloop-5 h1 solved calls=4 dups=0+0 turns=4 3.8s
[glmf-ar] F5-enoent-0 h1 solved calls=3 dups=0+0 turns=4 3.9s
[glmf-ar] F5-enoent-1 h1 solved calls=3 dups=0+0 turns=4 2.5s
[glmf-ar] F5-enoent-2 h1 solved calls=3 dups=0+0 turns=4 2.7s
[glmf-ar] F5-enoent-3 h1 solved calls=3 dups=0+0 turns=4 4.0s
[glmf-ar] F5-enoent-4 h1 solved calls=3 dups=0+0 turns=4 2.3s
[glmf-ar] F5-enoent-5 h1 solved calls=3 dups=0+0 turns=4 4.3s
[glmf-ar] F6-multihop-0 h1 solved calls=2 dups=0+0 turns=3 1.8s
[glmf-ar] F6-multihop-1 h1 solved calls=2 dups=0+0 turns=3 2.0s
[glmf-ar] F6-multihop-2 h1 solved calls=2 dups=0+0 turns=3 1.9s
[glmf-ar] F6-multihop-3 h1 solved calls=2 dups=0+0 turns=3 2.0s
[glmf-ar] F6-multihop-4 h1 solved calls=2 dups=0+0 turns=3 1.7s
[glmf-ar] F6-multihop-5 h1 solved calls=2 dups=0+0 turns=3 1.3s
FLOOD glmf-ar: solved 72/72 | within-turn rep 0.00% | cross-turn rep 0.00% | flood turns 0 (tasks 0) | max calls/turn 13 | unsolved {'no_answer': 0, 'truncated': 0, 'error': 0, 'wrong': 0, 'flooded': 0} | h0 rep 0.00% h1 rep 0.00%
