$ python3 /home/milo/e1-window-20260908-v2/receipts/executed-source/results/2026-09-07-e0-e1-e5-window/fixtures/bench_big.py
started=2026-09-08T11:33:53-0500
BENCH {"C": 1, "agg_tok_s": 45.7, "per_stream_tok_s": 48.44, "mean_ttft": 0.63, "tokens_total": 512}
BENCH {"C": 4, "agg_tok_s": 45.87, "per_stream_tok_s": 48.52, "mean_ttft": 17.42, "tokens_total": 2048}
BENCH {"C": 8, "agg_tok_s": 46.05, "per_stream_tok_s": 48.71, "mean_ttft": 39.65, "tokens_total": 4096}

exit=0
$ python3 /home/milo/e1-window-20260908-v2/receipts/executed-source/results/2026-09-07-e0-e1-e5-window/fixtures/bench_big.py
started=2026-09-08T11:36:41-0500
BENCH {"C": 1, "agg_tok_s": 47.11, "per_stream_tok_s": 50.0, "mean_ttft": 0.63, "tokens_total": 512}
BENCH {"C": 4, "agg_tok_s": 46.32, "per_stream_tok_s": 49.08, "mean_ttft": 17.02, "tokens_total": 2048}
BENCH {"C": 8, "agg_tok_s": 46.05, "per_stream_tok_s": 48.72, "mean_ttft": 39.36, "tokens_total": 4096}

exit=0
$ python3 /home/milo/e1-window-20260908-v2/receipts/executed-source/results/2026-09-07-e0-e1-e5-window/fixtures/bench_big.py
started=2026-09-08T11:39:28-0500
BENCH {"C": 1, "agg_tok_s": 45.62, "per_stream_tok_s": 48.21, "mean_ttft": 0.61, "tokens_total": 512}
BENCH {"C": 4, "agg_tok_s": 45.44, "per_stream_tok_s": 47.88, "mean_ttft": 17.41, "tokens_total": 2048}
BENCH {"C": 8, "agg_tok_s": 45.55, "per_stream_tok_s": 48.12, "mean_ttft": 39.96, "tokens_total": 4096}

exit=0
$ python3 /home/milo/e1-window-20260908-v2/receipts/executed-source/results/2026-09-07-e0-e1-e5-window/fixtures/bench_big_code.py
started=2026-09-08T11:42:18-0500
BENCH {"C": 1, "agg_tok_s": 42.89, "per_stream_tok_s": 45.39, "mean_ttft": 0.66, "tokens_total": 512}
BENCH {"C": 4, "agg_tok_s": 43.12, "per_stream_tok_s": 45.61, "mean_ttft": 18.46, "tokens_total": 2048}
BENCH {"C": 8, "agg_tok_s": 43.14, "per_stream_tok_s": 45.59, "mean_ttft": 42.19, "tokens_total": 4096}

exit=0
