[ctrl2] tool-shaped-1 n=250 finish=stop 8.39s
[ctrl2] tool-shaped-2 n=46 finish=stop 1.95s
[ctrl2] code-1 n=512 finish=length 16.92s
[ctrl2] code-2 n=152 finish=stop 5.3s
[ctrl2] code-3 n=512 finish=length 16.74s
[ctrl2] prose-1 n=512 finish=length 16.73s
[ctrl2] prose-2 n=370 finish=stop 12.15s
[ctrl2] reason-1 n=512 finish=length 16.87s
[ctrl2] reason-2 n=512 finish=length 16.73s
[ctrl2] structured-1 n=163 finish=stop 5.62s
[ctrl2] ops-1 n=512 finish=length 16.89s
[ctrl2] long-1 n=512 finish=length 16.76s
[ctrl2] wrote greedy-ctrl2.json
GREEDY identical=1/12  (greedy-ctrl.json vs greedy-ctrl2.json) -> greedy-compare-ctrl-vs-ctrl2.json
  tool-shaped-1: first divergence at token 0 (tokens 512 vs 250)
  tool-shaped-2: identical (tokens 46 vs 46)
  code-1: first divergence at token 33 (tokens 512 vs 512)
  code-2: first divergence at token 0 (tokens 512 vs 152)
  code-3: first divergence at token 12 (tokens 512 vs 512)
  prose-1: first divergence at token 39 (tokens 512 vs 512)
  prose-2: first divergence at token 46 (tokens 384 vs 370)
  reason-1: first divergence at token 24 (tokens 491 vs 512)
  reason-2: first divergence at token 17 (tokens 512 vs 512)
  structured-1: first divergence at token 109 (tokens 146 vs 163)
  ops-1: first divergence at token 35 (tokens 512 vs 512)
  long-1: first divergence at token 32 (tokens 512 vs 512)
