[ctrl2] parity-agent-tool-1 positions=37 1.8s
[ctrl2] parity-agent-tool-2 positions=52 1.8s
[ctrl2] parity-agent-code-1 positions=306 1.8s
[ctrl2] parity-agent-code-2 positions=131 1.8s
[ctrl2] parity-agent-shell-1 positions=141 1.0s
[ctrl2] parity-agent-structured-1 positions=79 1.9s
[ctrl2] parity-agent-structured-2 positions=169 1.9s
[ctrl2] parity-agent-prose-1 positions=202 1.9s
[ctrl2] parity-heldout-math-1 positions=285 3.2s
[ctrl2] parity-heldout-math-2 positions=287 2.3s
[ctrl2] parity-heldout-math-3 positions=304 2.3s
[ctrl2] parity-heldout-math-4 positions=281 2.3s
[ctrl2] parity-heldout-math-5 positions=284 2.3s
[ctrl2] parity-heldout-jpde-1 positions=265 2.3s
[ctrl2] parity-heldout-jpde-2 positions=291 2.3s
[ctrl2] parity-heldout-jpde-3 positions=301 2.3s
[ctrl2] parity-heldout-jpde-4 positions=294 1.5s
[ctrl2] parity-heldout-jpde-5 positions=292 3.0s
[ctrl2] BA-10k-0 positions=4095 9.2s
[ctrl2] BA-10k-1 positions=4095 6.1s
[ctrl2] BA-10k-2 positions=2514 9.2s
[ctrl2] CAT-10k-0 positions=4095 10.7s
[ctrl2] CAT-10k-1 positions=4095 10.6s
[ctrl2] CAT-10k-2 positions=4061 10.7s
[ctrl2] GS-10k-0 positions=4095 12.1s
[ctrl2] GS-10k-1 positions=4095 12.1s
[ctrl2] GS-10k-2 positions=4095 12.1s
[ctrl2] JPM-10k-0 positions=4095 12.0s
[ctrl2] JPM-10k-1 positions=4095 12.0s
[ctrl2] JPM-10k-2 positions=4095 12.0s
[ctrl2] PFE-10k-0 positions=4095 12.0s
[ctrl2] PFE-10k-1 positions=4095 12.1s
[ctrl2] PFE-10k-2 positions=2627 10.6s
[ctrl2] TSLA-10k-0 positions=4095 10.7s
[ctrl2] TSLA-10k-1 positions=2541 9.2s
[ctrl2] TSLA-10k-2 positions=2426 9.3s
[ctrl2] WMT-10k-0 positions=4095 10.8s
[ctrl2] WMT-10k-1 positions=2503 10.1s
[ctrl2] WMT-10k-2 positions=2381 8.6s
[ctrl2] wrote tf-ctrl2.jsonl: docs=39 errors=0 positions=80384 wall=67s
TF Δlogprob ctrl → ctrl2: positions=80384 docs=39 (token-mismatch docs=0) mean|Δ|=0.02511 p50=0.00006 p99=0.4073 max=3.750 top-1 flips=943 (1.173%) ppl 1.5081 → 1.5081; wrote tf-compare-ctrl-vs-ctrl2.json
