[ctrl] parity-agent-tool-1 positions=37 1.8s
[ctrl] parity-agent-tool-2 positions=52 1.8s
[ctrl] parity-agent-code-1 positions=306 1.8s
[ctrl] parity-agent-code-2 positions=131 1.8s
[ctrl] parity-agent-shell-1 positions=141 1.1s
[ctrl] parity-agent-structured-1 positions=79 2.0s
[ctrl] parity-agent-structured-2 positions=169 2.0s
[ctrl] parity-agent-prose-1 positions=202 2.0s
[ctrl] parity-heldout-math-1 positions=285 3.2s
[ctrl] parity-heldout-math-2 positions=287 2.4s
[ctrl] parity-heldout-math-3 positions=304 2.4s
[ctrl] parity-heldout-math-4 positions=281 2.4s
[ctrl] parity-heldout-math-5 positions=284 2.4s
[ctrl] parity-heldout-jpde-1 positions=265 2.4s
[ctrl] parity-heldout-jpde-2 positions=291 2.4s
[ctrl] parity-heldout-jpde-3 positions=301 2.4s
[ctrl] parity-heldout-jpde-4 positions=294 1.5s
[ctrl] parity-heldout-jpde-5 positions=292 3.1s
[ctrl] BA-10k-0 positions=4095 6.2s
[ctrl] BA-10k-1 positions=4095 9.3s
[ctrl] BA-10k-2 positions=2514 9.4s
[ctrl] CAT-10k-0 positions=4095 10.9s
[ctrl] CAT-10k-1 positions=4095 10.8s
[ctrl] CAT-10k-2 positions=4061 10.9s
[ctrl] GS-10k-0 positions=4095 12.3s
[ctrl] GS-10k-1 positions=4095 12.3s
[ctrl] GS-10k-2 positions=4095 12.3s
[ctrl] JPM-10k-0 positions=4095 12.2s
[ctrl] JPM-10k-1 positions=4095 12.2s
[ctrl] JPM-10k-2 positions=4095 12.2s
[ctrl] PFE-10k-0 positions=4095 12.2s
[ctrl] PFE-10k-1 positions=4095 12.3s
[ctrl] PFE-10k-2 positions=2627 10.8s
[ctrl] TSLA-10k-0 positions=4095 10.9s
[ctrl] TSLA-10k-1 positions=2541 9.4s
[ctrl] TSLA-10k-2 positions=2426 9.4s
[ctrl] WMT-10k-0 positions=4095 11.0s
[ctrl] WMT-10k-1 positions=2503 10.3s
[ctrl] WMT-10k-2 positions=2381 8.8s
[ctrl] wrote tf-ctrl.jsonl: docs=39 errors=0 positions=80384 wall=68s
