[v23] parity-agent-tool-1 positions=37 0.8s
[v23] parity-agent-tool-2 positions=52 1.4s
[v23] parity-agent-code-1 positions=306 1.4s
[v23] parity-agent-code-2 positions=131 1.4s
[v23] parity-agent-shell-1 positions=141 2.1s
[v23] parity-agent-structured-1 positions=79 1.5s
[v23] parity-agent-structured-2 positions=169 1.5s
[v23] parity-agent-prose-1 positions=202 1.5s
[v23] parity-heldout-math-1 positions=285 2.2s
[v23] parity-heldout-math-2 positions=287 2.2s
[v23] parity-heldout-math-3 positions=304 2.2s
[v23] parity-heldout-math-4 positions=281 2.2s
[v23] parity-heldout-math-5 positions=284 2.2s
[v23] parity-heldout-jpde-1 positions=265 2.2s
[v23] parity-heldout-jpde-2 positions=291 2.2s
[v23] parity-heldout-jpde-3 positions=301 2.2s
[v23] parity-heldout-jpde-4 positions=294 1.7s
[v23] parity-heldout-jpde-5 positions=292 3.1s
[v23] BA-10k-0 positions=4095 9.0s
[v23] BA-10k-1 positions=4095 6.0s
[v23] BA-10k-2 positions=2514 8.8s
[v23] CAT-10k-0 positions=4095 10.2s
[v23] CAT-10k-1 positions=4095 10.1s
[v23] CAT-10k-2 positions=4061 10.1s
[v23] GS-10k-0 positions=4095 11.4s
[v23] GS-10k-1 positions=4095 11.4s
[v23] GS-10k-2 positions=4095 11.4s
[v23] JPM-10k-0 positions=4095 11.3s
[v23] JPM-10k-1 positions=4095 11.4s
[v23] JPM-10k-2 positions=4095 11.4s
[v23] PFE-10k-0 positions=4095 11.3s
[v23] PFE-10k-1 positions=4095 11.5s
[v23] PFE-10k-2 positions=2627 10.1s
[v23] TSLA-10k-0 positions=4095 10.2s
[v23] TSLA-10k-1 positions=2541 8.9s
[v23] TSLA-10k-2 positions=2426 8.8s
[v23] WMT-10k-0 positions=4095 10.4s
[v23] WMT-10k-1 positions=2503 9.4s
[v23] WMT-10k-2 positions=2381 7.9s
[v23] wrote tf-v23.jsonl: docs=39 errors=0 positions=80384 wall=63s
