[glmf-dflash] F1-paginate-0 h0 solved calls=5 dups=0+0 turns=6 100.1s
[glmf-dflash] F1-paginate-1 h0 solved calls=5 dups=0+0 turns=6 100.4s
[glmf-dflash] F1-paginate-2 h0 solved calls=5 dups=0+0 turns=6 99.9s
[glmf-dflash] F1-paginate-3 h0 solved calls=5 dups=0+0 turns=6 99.9s
[glmf-dflash] F1-paginate-4 h0 solved calls=5 dups=0+0 turns=6 17.1s
[glmf-dflash] F1-paginate-5 h0 solved calls=5 dups=0+0 turns=6 19.2s
[glmf-dflash] F2-eacces-0 h0 solved calls=2 dups=0+0 turns=3 13.4s
[glmf-dflash] F2-eacces-1 h0 solved calls=2 dups=0+0 turns=3 13.7s
[glmf-dflash] F2-eacces-2 h0 solved calls=2 dups=0+0 turns=3 1.9s
[glmf-dflash] F2-eacces-3 h0 solved calls=2 dups=0+0 turns=3 2.1s
[glmf-dflash] F2-eacces-4 h0 solved calls=2 dups=0+0 turns=3 1.7s
[glmf-dflash] F2-eacces-5 h0 solved calls=2 dups=0+0 turns=3 1.6s
[glmf-dflash] F3-fanout-0 h0 solved calls=13 dups=0+0 turns=2 3.1s
[glmf-dflash] F3-fanout-1 h0 solved calls=13 dups=0+0 turns=2 3.7s
[glmf-dflash] F3-fanout-2 h0 solved calls=13 dups=0+0 turns=2 2.9s
[glmf-dflash] F3-fanout-3 h0 solved calls=12 dups=0+0 turns=2 4.1s
[glmf-dflash] F3-fanout-4 h0 solved calls=12 dups=0+0 turns=2 3.5s
[glmf-dflash] F3-fanout-5 h0 solved calls=13 dups=0+0 turns=2 3.8s
[glmf-dflash] F4-fixloop-0 h0 solved calls=4 dups=0+0 turns=4 2.1s
[glmf-dflash] F4-fixloop-1 h0 solved calls=4 dups=0+0 turns=4 2.4s
[glmf-dflash] F4-fixloop-2 h0 solved calls=4 dups=0+0 turns=4 2.5s
[glmf-dflash] F4-fixloop-3 h0 solved calls=4 dups=0+0 turns=4 2.9s
[glmf-dflash] F4-fixloop-4 h0 solved calls=4 dups=0+0 turns=4 3.3s
[glmf-dflash] F4-fixloop-5 h0 solved calls=4 dups=0+0 turns=4 4.2s
[glmf-dflash] F5-enoent-0 h0 solved calls=3 dups=0+0 turns=4 2.6s
[glmf-dflash] F5-enoent-1 h0 solved calls=3 dups=0+0 turns=4 2.4s
[glmf-dflash] F5-enoent-2 h0 solved calls=3 dups=0+0 turns=4 2.7s
[glmf-dflash] F5-enoent-3 h0 solved calls=3 dups=0+0 turns=4 2.7s
[glmf-dflash] F5-enoent-4 h0 solved calls=3 dups=0+0 turns=4 2.7s
[glmf-dflash] F5-enoent-5 h0 solved calls=3 dups=0+0 turns=4 2.7s
[glmf-dflash] F6-multihop-0 h0 solved calls=2 dups=0+0 turns=3 2.4s
[glmf-dflash] F6-multihop-1 h0 solved calls=2 dups=0+0 turns=3 2.3s
[glmf-dflash] F6-multihop-2 h0 solved calls=2 dups=0+0 turns=3 1.9s
[glmf-dflash] F6-multihop-3 h0 solved calls=2 dups=0+0 turns=3 14.5s
[glmf-dflash] F6-multihop-4 h0 solved calls=2 dups=0+0 turns=3 14.6s
[glmf-dflash] F6-multihop-5 h0 solved calls=2 dups=0+0 turns=3 14.8s
[glmf-dflash] F1-paginate-0 h1 solved calls=5 dups=0+0 turns=6 17.6s
[glmf-dflash] F1-paginate-1 h1 solved calls=5 dups=0+0 turns=6 5.0s
[glmf-dflash] F1-paginate-2 h1 solved calls=5 dups=0+0 turns=6 4.3s
[glmf-dflash] F1-paginate-3 h1 solved calls=5 dups=0+0 turns=6 4.7s
[glmf-dflash] F1-paginate-4 h1 solved calls=5 dups=0+0 turns=6 5.6s
[glmf-dflash] F1-paginate-5 h1 solved calls=5 dups=0+0 turns=6 6.6s
[glmf-dflash] F2-eacces-0 h1 solved calls=2 dups=0+0 turns=3 1.0s
[glmf-dflash] F2-eacces-1 h1 solved calls=2 dups=0+0 turns=3 1.3s
[glmf-dflash] F2-eacces-2 h1 solved calls=2 dups=0+0 turns=3 1.7s
[glmf-dflash] F2-eacces-3 h1 solved calls=2 dups=0+0 turns=3 1.4s
[glmf-dflash] F2-eacces-4 h1 solved calls=2 dups=0+0 turns=3 1.3s
[glmf-dflash] F2-eacces-5 h1 solved calls=2 dups=0+0 turns=3 1.4s
[glmf-dflash] F3-fanout-0 h1 solved calls=12 dups=0+0 turns=2 2.8s
[glmf-dflash] F3-fanout-1 h1 solved calls=12 dups=0+0 turns=2 2.7s
[glmf-dflash] F3-fanout-2 h1 solved calls=12 dups=0+0 turns=2 2.4s
[glmf-dflash] F3-fanout-3 h1 solved calls=12 dups=0+0 turns=2 2.7s
[glmf-dflash] F3-fanout-4 h1 solved calls=12 dups=0+0 turns=2 2.6s
[glmf-dflash] F3-fanout-5 h1 solved calls=12 dups=0+0 turns=2 3.1s
[glmf-dflash] F4-fixloop-0 h1 solved calls=4 dups=0+0 turns=4 1.7s
[glmf-dflash] F4-fixloop-1 h1 solved calls=4 dups=0+0 turns=4 2.0s
[glmf-dflash] F4-fixloop-2 h1 solved calls=4 dups=0+0 turns=4 2.5s
[glmf-dflash] F4-fixloop-3 h1 solved calls=4 dups=0+0 turns=4 2.5s
[glmf-dflash] F4-fixloop-4 h1 solved calls=4 dups=0+0 turns=4 2.9s
[glmf-dflash] F4-fixloop-5 h1 solved calls=4 dups=0+0 turns=4 3.2s
[glmf-dflash] F5-enoent-0 h1 solved calls=3 dups=0+0 turns=4 2.8s
[glmf-dflash] F5-enoent-1 h1 solved calls=3 dups=0+0 turns=4 1.9s
[glmf-dflash] F5-enoent-2 h1 solved calls=3 dups=0+0 turns=4 1.9s
[glmf-dflash] F5-enoent-3 h1 solved calls=3 dups=0+0 turns=4 2.6s
[glmf-dflash] F5-enoent-4 h1 solved calls=3 dups=0+0 turns=4 1.8s
[glmf-dflash] F5-enoent-5 h1 solved calls=3 dups=0+0 turns=4 1.8s
[glmf-dflash] F6-multihop-0 h1 solved calls=2 dups=0+0 turns=3 1.3s
[glmf-dflash] F6-multihop-1 h1 solved calls=2 dups=0+0 turns=3 1.4s
[glmf-dflash] F6-multihop-2 h1 solved calls=2 dups=0+0 turns=3 1.4s
[glmf-dflash] F6-multihop-3 h1 solved calls=2 dups=0+0 turns=3 1.4s
[glmf-dflash] F6-multihop-4 h1 solved calls=2 dups=0+0 turns=3 1.4s
[glmf-dflash] F6-multihop-5 h1 solved calls=2 dups=0+0 turns=3 0.9s
FLOOD glmf-dflash: solved 72/72 | within-turn rep 0.00% | cross-turn rep 0.00% | flood turns 0 (tasks 0) | max calls/turn 13 | unsolved {'no_answer': 0, 'truncated': 0, 'error': 0, 'wrong': 0, 'flooded': 0} | h0 rep 0.00% h1 rep 0.00%
