[v20cand] parity-agent-tool-1 positions=37 0.5s
[v20cand] parity-agent-tool-2 positions=48 0.5s
[v20cand] parity-agent-code-1 positions=293 0.5s
[v20cand] parity-agent-code-2 positions=123 0.5s
[v20cand] parity-agent-shell-1 positions=135 0.4s
[v20cand] parity-agent-structured-1 positions=76 0.3s
[v20cand] parity-agent-structured-2 positions=160 0.3s
[v20cand] parity-agent-prose-1 positions=202 0.3s
[v20cand] parity-heldout-math-1 positions=284 0.4s
[v20cand] parity-heldout-math-2 positions=285 0.4s
[v20cand] parity-heldout-math-3 positions=279 0.4s
[v20cand] parity-heldout-math-4 positions=278 0.4s
[v20cand] parity-heldout-math-5 positions=280 0.4s
[v20cand] parity-heldout-jpde-1 positions=296 0.4s
[v20cand] parity-heldout-jpde-2 positions=291 0.4s
[v20cand] parity-heldout-jpde-3 positions=295 0.4s
[v20cand] parity-heldout-jpde-4 positions=285 0.5s
[v20cand] parity-heldout-jpde-5 positions=295 0.8s
[v20cand] BA-10k-0 positions=4095 1.9s
[v20cand] BA-10k-1 positions=4095 0.8s
[v20cand] BA-10k-2 positions=2482 1.7s
[v20cand] CAT-10k-0 positions=4095 1.8s
[v20cand] CAT-10k-1 positions=4095 2.1s
[v20cand] CAT-10k-2 positions=3461 1.0s
[v20cand] GS-10k-0 positions=4095 0.9s
[v20cand] GS-10k-1 positions=4095 0.8s
[v20cand] GS-10k-2 positions=4095 0.9s
[v20cand] JPM-10k-0 positions=4095 1.1s
[v20cand] JPM-10k-1 positions=4095 1.0s
[v20cand] JPM-10k-2 positions=4095 0.9s
[v20cand] PFE-10k-0 positions=4095 1.0s
[v20cand] PFE-10k-1 positions=4095 1.0s
[v20cand] PFE-10k-2 positions=2570 1.0s
[v20cand] TSLA-10k-0 positions=4095 0.9s
[v20cand] TSLA-10k-1 positions=2493 0.7s
[v20cand] TSLA-10k-2 positions=2422 1.0s
[v20cand] WMT-10k-0 positions=4095 1.0s
[v20cand] WMT-10k-1 positions=2466 1.0s
[v20cand] WMT-10k-2 positions=2378 0.7s
[v20cand] wrote tf-v20cand.jsonl: docs=39 errors=0 positions=79544 wall=8s
