#0 building with "default" instance using docker driver

#1 [internal] load build definition from Dockerfile
#1 transferring dockerfile: 270B done
#1 DONE 0.0s

#2 [internal] load metadata for docker.io/library/glmf-sglang:nightly-dev-cu13-20260921-0f6761b5-tf5.16.1
#2 DONE 0.0s

#3 [internal] load .dockerignore
#3 transferring context:
#3 transferring context: 2B done
#3 DONE 0.0s

#4 [1/3] FROM docker.io/library/glmf-sglang:nightly-dev-cu13-20260921-0f6761b5-tf5.16.1@sha256:b6886ad0ccd54e0d27379b2fb006c4dd3b1f3e6b5adeb167d82b22f391ca15f8
#4 resolve docker.io/library/glmf-sglang:nightly-dev-cu13-20260921-0f6761b5-tf5.16.1@sha256:b6886ad0ccd54e0d27379b2fb006c4dd3b1f3e6b5adeb167d82b22f391ca15f8 0.0s done
#4 DONE 0.0s

#5 [internal] load build context
#5 transferring context: 67.75kB done
#5 DONE 0.0s

#4 [1/3] FROM docker.io/library/glmf-sglang:nightly-dev-cu13-20260921-0f6761b5-tf5.16.1@sha256:b6886ad0ccd54e0d27379b2fb006c4dd3b1f3e6b5adeb167d82b22f391ca15f8
#4 CACHED

#6 [2/3] COPY python/sglang/ /sgl-workspace/sglang/python/sglang/
#6 DONE 0.2s

#7 [3/3] RUN python3 -c "import sglang, sglang.srt.models.glm5_next as g; print('overlay import ok', sglang.__version__)"
#7 11.80 /sgl-workspace/sglang/python/sglang/srt/layers/quantization/awq/awq.py:53: UserWarning: Only CUDA, HIP and XPU support AWQ currently.
#7 11.80   warnings.warn(f"Only CUDA, HIP and XPU support AWQ currently.")
#7 16.07 /sgl-workspace/sglang/python/sglang/srt/layers/quantization/gguf.py:69: UserWarning: Only CUDA, MUSA and NPU support GGUF quantization currently.
#7 16.07   warnings.warn(f"Only CUDA, MUSA and NPU support GGUF quantization currently.")
#7 17.93 Cannot detect CUDA architecture.
#7 18.04 overlay import ok 0.0.0.dev1+g0f6761b54
#7 DONE 19.8s

#8 exporting to image
#8 exporting layers
#8 exporting layers 3.3s done
#8 exporting manifest sha256:2fa59316dd39f599c036e7e6b749469900fc570603a8cdc278fd2b3351d997ba 0.0s done
#8 exporting config sha256:7b9c2ee319bf8d48f87cbaaeaa635d21ada85aefeb7caf9c48ae478ed2ebecff 0.0s done
#8 exporting attestation manifest sha256:4b631e470b41a60032082b878a5335aacd2715cf6b4ba9e298c907b98f16477d 0.0s done
#8 exporting manifest list sha256:414f8773d385e738ee22cb115a499f46fc5bd3007359f4bc50b1299c54ebd9cf
#8 exporting manifest list sha256:414f8773d385e738ee22cb115a499f46fc5bd3007359f4bc50b1299c54ebd9cf 0.0s done
#8 naming to docker.io/library/glmf-sglang:0921-0f6761b5-gateonly39688-tf5.16.1 done
#8 unpacking to docker.io/library/glmf-sglang:0921-0f6761b5-gateonly39688-tf5.16.1
#8 unpacking to docker.io/library/glmf-sglang:0921-0f6761b5-gateonly39688-tf5.16.1 1.2s done
#8 DONE 4.8s
