#0 building with "default" instance using docker driver

#1 [internal] load build definition from Dockerfile
#1 transferring dockerfile: 369B done
#1 DONE 0.1s

#2 [internal] load metadata for docker.io/library/glmf-sglang:nightly-dev-cu13-20260921-0f6761b5-tf5.16.1
#2 DONE 0.1s

#3 [internal] load .dockerignore
#3 transferring context: 2B done
#3 DONE 0.1s

#4 [internal] load build context
#4 transferring context: 609.55kB done
#4 DONE 0.1s

#5 [1/4] FROM docker.io/library/glmf-sglang:nightly-dev-cu13-20260921-0f6761b5-tf5.16.1@sha256:b6886ad0ccd54e0d27379b2fb006c4dd3b1f3e6b5adeb167d82b22f391ca15f8
#5 resolve docker.io/library/glmf-sglang:nightly-dev-cu13-20260921-0f6761b5-tf5.16.1@sha256:b6886ad0ccd54e0d27379b2fb006c4dd3b1f3e6b5adeb167d82b22f391ca15f8 0.0s done
#5 DONE 1.8s

#6 [2/4] COPY python/sglang/ /sgl-workspace/sglang/python/sglang/
#6 DONE 0.3s

#7 [3/4] RUN rm -f /sgl-workspace/sglang/python/sglang/srt/layers/attention/mamba/prefill_track_metadata.py
#7 DONE 0.8s

#8 [4/4] RUN python3 -c "import sglang, sglang.srt.models.glm5_next as g; print('overlay import ok', sglang.__version__)"
#8 28.61 /sgl-workspace/sglang/python/sglang/srt/layers/quantization/awq/awq.py:53: UserWarning: Only CUDA, HIP and XPU support AWQ currently.
#8 28.61   warnings.warn(f"Only CUDA, HIP and XPU support AWQ currently.")
#8 36.30 /sgl-workspace/sglang/python/sglang/srt/layers/quantization/gguf.py:69: UserWarning: Only CUDA, MUSA and NPU support GGUF quantization currently.
#8 36.30   warnings.warn(f"Only CUDA, MUSA and NPU support GGUF quantization currently.")
#8 38.89 Cannot detect CUDA architecture.
#8 39.03 overlay import ok 0.0.0.dev1+g0f6761b54
#8 DONE 42.5s

#9 exporting to image
#9 exporting layers
#9 exporting layers 3.4s done
#9 exporting manifest sha256:b55a2d60aaa8d0a4a806d1b87e65a532a04152dfdc0e9435059dc1e5e82b9bc1 0.0s done
#9 exporting config sha256:2e16bcf7ec28d71208e8a11146e4d0ab3aaf2ee6305c8e05d26e824e5e97e94b 0.0s done
#9 exporting attestation manifest sha256:31a9d0ce71d8a109e069cda9e609bae3eff9b818f0cfd9a2b4be773f46a65153 0.0s done
#9 exporting manifest list sha256:812db974bf111a28a08e152b042a83b3ae06ec0018752ba0c5a07245526090c9
#9 exporting manifest list sha256:812db974bf111a28a08e152b042a83b3ae06ec0018752ba0c5a07245526090c9 0.0s done
#9 naming to docker.io/library/glmf-sglang:0921-0f6761b5-revert39688-tf5.16.1 done
#9 unpacking to docker.io/library/glmf-sglang:0921-0f6761b5-revert39688-tf5.16.1
#9 unpacking to docker.io/library/glmf-sglang:0921-0f6761b5-revert39688-tf5.16.1 1.3s done
#9 DONE 4.8s
