rep0  prose ttft=1.721s ct=512 tok/s=54.14
rep0  prose ttft=0.484s ct=512 tok/s=51.16
rep0   code ttft=0.517s ct=512 tok/s=54.19
rep0   code ttft=0.521s ct=512 tok/s=55.13
rep0 reason ttft=0.710s ct=512 tok/s=62.13
rep0 reason ttft=0.521s ct=512 tok/s=52.46
rep0   list ttft=0.540s ct=512 tok/s=61.70
rep0 dialog ttft=0.485s ct=512 tok/s=53.12
rep1  prose ttft=0.453s ct=512 tok/s=54.41
rep1  prose ttft=0.480s ct=512 tok/s=51.15
rep1   code ttft=0.511s ct=512 tok/s=54.19
rep1   code ttft=0.519s ct=512 tok/s=55.13
rep1 reason ttft=0.630s ct=512 tok/s=61.96
rep1 reason ttft=0.520s ct=512 tok/s=52.47
rep1   list ttft=0.528s ct=512 tok/s=61.70
rep1 dialog ttft=0.484s ct=512 tok/s=53.12
rep2  prose ttft=0.468s ct=512 tok/s=54.41
rep2  prose ttft=0.480s ct=512 tok/s=51.15
rep2   code ttft=0.511s ct=512 tok/s=54.19
rep2   code ttft=0.519s ct=512 tok/s=55.13
rep2 reason ttft=0.623s ct=512 tok/s=61.96
rep2 reason ttft=0.521s ct=512 tok/s=52.47
rep2   list ttft=0.527s ct=512 tok/s=61.70
rep2 dialog ttft=0.485s ct=512 tok/s=53.12
rep3  prose ttft=0.468s ct=512 tok/s=54.41
rep3  prose ttft=0.480s ct=512 tok/s=51.14
rep3   code ttft=0.511s ct=512 tok/s=54.19
rep3   code ttft=0.519s ct=512 tok/s=55.13
rep3 reason ttft=0.631s ct=512 tok/s=61.96
rep3 reason ttft=0.520s ct=512 tok/s=52.47
rep3   list ttft=0.519s ct=512 tok/s=61.70
rep3 dialog ttft=0.485s ct=512 tok/s=53.12
 prose median=54.41 spread=0.0% ttft=0.468
 prose median=51.15 spread=0.0% ttft=0.480
  code median=54.19 spread=0.0% ttft=0.511
  code median=55.13 spread=0.0% ttft=0.519
reason median=61.96 spread=0.0% ttft=0.630
reason median=52.47 spread=0.0% ttft=0.520
  list median=61.70 spread=0.0% ttft=0.527
dialog median=53.12 spread=0.0% ttft=0.485
SUMMARY {"lane": "seqs4", "max_tokens": 512, "scored_reps": 3, "prompts": 8, "c1_median_tok_s": 54.30235837969022, "max_spread_pct": 0.020357787916460878, "ttft_median": 0.5148218870162964}
