[rlhot] F1-paginate-0 h0 solved calls=5 dups=0+0 turns=6 50.9s
[rlhot] F1-paginate-1 h0 solved calls=5 dups=0+0 turns=6 52.5s
[rlhot] F1-paginate-2 h0 solved calls=5 dups=0+0 turns=6 50.0s
[rlhot] F1-paginate-3 h0 solved calls=5 dups=0+0 turns=6 45.2s
[rlhot] F1-paginate-4 h0 solved calls=5 dups=0+0 turns=6 49.0s
[rlhot] F1-paginate-5 h0 solved calls=5 dups=0+0 turns=6 52.9s
[rlhot] F2-eacces-0 h0 solved calls=2 dups=0+0 turns=3 16.9s
[rlhot] F2-eacces-1 h0 solved calls=2 dups=0+0 turns=3 13.2s
[rlhot] F2-eacces-2 h0 solved calls=2 dups=0+0 turns=3 11.3s
[rlhot] F2-eacces-3 h0 solved calls=2 dups=0+0 turns=3 11.3s
[rlhot] F2-eacces-4 h0 solved calls=2 dups=0+0 turns=3 14.0s
[rlhot] F2-eacces-5 h0 solved calls=2 dups=0+0 turns=3 13.1s
[rlhot] F3-fanout-0 h0 solved calls=12 dups=0+0 turns=2 29.5s
[rlhot] F3-fanout-1 h0 solved calls=12 dups=0+0 turns=2 31.9s
[rlhot] F3-fanout-2 h0 solved calls=12 dups=0+0 turns=2 29.4s
[rlhot] F3-fanout-3 h0 solved calls=12 dups=0+0 turns=2 31.8s
[rlhot] F3-fanout-4 h0 solved calls=12 dups=0+0 turns=2 35.4s
[rlhot] F3-fanout-5 h0 solved calls=12 dups=0+0 turns=2 36.1s
[rlhot] F4-fixloop-0 h0 solved calls=4 dups=0+0 turns=4 13.4s
[rlhot] F4-fixloop-1 h0 solved calls=4 dups=0+0 turns=4 27.0s
[rlhot] F4-fixloop-2 h0 solved calls=4 dups=0+0 turns=4 21.3s
[rlhot] F4-fixloop-3 h0 solved calls=4 dups=0+0 turns=4 16.1s
[rlhot] F4-fixloop-4 h0 solved calls=4 dups=0+0 turns=4 14.8s
[rlhot] F4-fixloop-5 h0 solved calls=4 dups=0+0 turns=4 18.1s
[rlhot] F5-enoent-0 h0 solved calls=3 dups=0+0 turns=4 13.3s
[rlhot] F5-enoent-1 h0 solved calls=6 dups=0+0 turns=4 20.5s
[rlhot] F5-enoent-2 h0 solved calls=4 dups=0+0 turns=4 16.5s
[rlhot] F5-enoent-3 h0 solved calls=4 dups=0+0 turns=4 18.8s
[rlhot] F5-enoent-4 h0 solved calls=3 dups=0+0 turns=4 14.0s
[rlhot] F5-enoent-5 h0 solved calls=4 dups=0+0 turns=4 18.7s
[rlhot] F6-multihop-0 h0 solved calls=2 dups=0+0 turns=3 10.5s
[rlhot] F6-multihop-1 h0 solved calls=2 dups=0+0 turns=3 10.9s
[rlhot] F6-multihop-2 h0 solved calls=2 dups=0+0 turns=3 10.2s
[rlhot] F6-multihop-3 h0 solved calls=2 dups=0+0 turns=3 10.2s
[rlhot] F6-multihop-4 h0 solved calls=2 dups=0+0 turns=3 8.9s
[rlhot] F6-multihop-5 h0 solved calls=2 dups=0+0 turns=3 10.8s
[rlhot] F1-paginate-0 h1 solved calls=5 dups=0+0 turns=6 30.8s
[rlhot] F1-paginate-1 h1 flooded calls=240 dups=239+239 turns=1 294.7s
[rlhot] F1-paginate-2 h1 flooded calls=240 dups=239+239 turns=1 294.7s
[rlhot] F1-paginate-3 h1 flooded calls=256 dups=254+254 turns=1 294.1s
[rlhot] F1-paginate-4 h1 flooded calls=256 dups=254+254 turns=1 294.7s
[rlhot] F1-paginate-5 h1 flooded calls=227 dups=225+225 turns=1 325.0s
[rlhot] F2-eacces-0 h1 flooded calls=205 dups=203+203 turns=1 325.0s
[rlhot] F2-eacces-1 h1 flooded calls=205 dups=203+203 turns=1 324.1s
[rlhot] F2-eacces-2 h1 flooded calls=186 dups=184+184 turns=1 321.7s
[rlhot] F2-eacces-3 h1 flooded calls=205 dups=203+203 turns=1 293.6s
[rlhot] F2-eacces-4 h1 flooded calls=205 dups=203+203 turns=1 293.6s
[rlhot] F2-eacces-5 h1 flooded calls=195 dups=193+193 turns=1 293.5s
[rlhot] F3-fanout-0 h1 flooded calls=204 dups=191+191 turns=1 298.1s
[rlhot] F3-fanout-1 h1 solved calls=12 dups=0+0 turns=2 32.8s
[rlhot] F3-fanout-2 h1 solved calls=12 dups=0+0 turns=2 30.4s
[rlhot] F3-fanout-3 h1 flooded calls=204 dups=192+192 turns=1 321.2s
[rlhot] F3-fanout-4 h1 solved calls=12 dups=0+0 turns=2 34.1s
[rlhot] F3-fanout-5 h1 solved calls=12 dups=0+0 turns=2 33.7s
[rlhot] F4-fixloop-0 h1 solved calls=4 dups=0+0 turns=4 15.6s
[rlhot] F4-fixloop-1 h1 solved calls=4 dups=0+0 turns=4 23.6s
[rlhot] F4-fixloop-2 h1 solved calls=4 dups=0+0 turns=4 22.3s
[rlhot] F4-fixloop-3 h1 flooded calls=273 dups=270+270 turns=1 315.1s
[rlhot] F4-fixloop-4 h1 solved calls=4 dups=0+0 turns=4 22.4s
[rlhot] F4-fixloop-5 h1 flooded calls=407 dups=405+405 turns=1 313.2s
[rlhot] F5-enoent-0 h1 flooded calls=205 dups=203+203 turns=1 313.2s
[rlhot] F5-enoent-1 h1 flooded calls=205 dups=203+203 turns=1 320.6s
[rlhot] F5-enoent-2 h1 flooded calls=195 dups=193+193 turns=1 322.7s
[rlhot] F5-enoent-3 h1 flooded calls=195 dups=193+193 turns=1 323.7s
[rlhot] F5-enoent-4 h1 flooded calls=205 dups=203+203 turns=1 325.0s
[rlhot] F5-enoent-5 h1 flooded calls=195 dups=193+193 turns=1 323.5s
[rlhot] F6-multihop-0 h1 solved calls=2 dups=0+0 turns=3 8.5s
[rlhot] F6-multihop-1 h1 flooded calls=241 dups=239+239 turns=1 321.9s
[rlhot] F6-multihop-2 h1 solved calls=2 dups=0+0 turns=3 8.3s
[rlhot] F6-multihop-3 h1 flooded calls=241 dups=239+239 turns=1 321.8s
[rlhot] F6-multihop-4 h1 flooded calls=256 dups=254+254 turns=1 320.6s
[rlhot] F6-multihop-5 h1 flooded calls=241 dups=239+239 turns=1 182.4s
FLOOD rlhot: solved 47/72 | within-turn rep 94.66% | cross-turn rep 94.66% | flood turns 25 (tasks 25) | max calls/turn 407 | unsolved {'no_answer': 0, 'truncated': 0, 'error': 0, 'wrong': 0, 'flooded': 25} | h0 rep 0.00% h1 rep 97.52%
