[mhot] F1-paginate-0 h0 solved calls=5 dups=0+0 turns=6 39.8s
[mhot] F1-paginate-1 h0 solved calls=5 dups=0+0 turns=6 52.7s
[mhot] F1-paginate-2 h0 solved calls=5 dups=0+0 turns=6 53.5s
[mhot] F1-paginate-3 h0 solved calls=5 dups=0+0 turns=6 45.4s
[mhot] F1-paginate-4 h0 solved calls=5 dups=0+0 turns=6 47.7s
[mhot] F1-paginate-5 h0 solved calls=5 dups=0+0 turns=6 48.7s
[mhot] F2-eacces-0 h0 solved calls=2 dups=0+0 turns=3 16.2s
[mhot] F2-eacces-1 h0 solved calls=2 dups=0+0 turns=3 14.3s
[mhot] F2-eacces-2 h0 solved calls=3 dups=0+0 turns=3 15.3s
[mhot] F2-eacces-3 h0 solved calls=2 dups=0+0 turns=3 11.1s
[mhot] F2-eacces-4 h0 solved calls=2 dups=0+0 turns=3 11.5s
[mhot] F2-eacces-5 h0 solved calls=2 dups=0+0 turns=3 16.3s
[mhot] F3-fanout-0 h0 solved calls=12 dups=0+0 turns=2 30.7s
[mhot] F3-fanout-1 h0 solved calls=12 dups=0+0 turns=2 33.4s
[mhot] F3-fanout-2 h0 solved calls=12 dups=0+0 turns=2 31.6s
[mhot] F3-fanout-3 h0 solved calls=12 dups=0+0 turns=2 31.9s
[mhot] F3-fanout-4 h0 solved calls=13 dups=0+0 turns=3 50.0s
[mhot] F3-fanout-5 h0 solved calls=12 dups=0+0 turns=2 36.8s
[mhot] F4-fixloop-0 h0 solved calls=4 dups=0+0 turns=4 14.8s
[mhot] F4-fixloop-1 h0 solved calls=4 dups=0+0 turns=4 18.2s
[mhot] F4-fixloop-2 h0 solved calls=4 dups=0+0 turns=4 17.4s
[mhot] F4-fixloop-3 h0 solved calls=4 dups=0+0 turns=4 19.7s
[mhot] F4-fixloop-4 h0 solved calls=4 dups=0+0 turns=4 15.8s
[mhot] F4-fixloop-5 h0 solved calls=4 dups=0+0 turns=4 15.6s
[mhot] F5-enoent-0 h0 solved calls=3 dups=0+0 turns=4 15.2s
[mhot] F5-enoent-1 h0 solved calls=4 dups=0+0 turns=5 22.6s
[mhot] F5-enoent-2 h0 solved calls=5 dups=0+0 turns=5 32.6s
[mhot] F5-enoent-3 h0 solved calls=3 dups=0+0 turns=4 18.2s
[mhot] F5-enoent-4 h0 solved calls=3 dups=0+0 turns=4 13.5s
[mhot] F5-enoent-5 h0 solved calls=3 dups=0+0 turns=4 15.0s
[mhot] F6-multihop-0 h0 solved calls=2 dups=0+0 turns=3 9.3s
[mhot] F6-multihop-1 h0 solved calls=2 dups=0+0 turns=3 10.0s
[mhot] F6-multihop-2 h0 solved calls=2 dups=0+0 turns=3 9.2s
[mhot] F6-multihop-3 h0 solved calls=2 dups=0+0 turns=3 10.0s
[mhot] F6-multihop-4 h0 solved calls=2 dups=0+0 turns=3 9.5s
[mhot] F6-multihop-5 h0 solved calls=2 dups=0+0 turns=3 9.9s
[mhot] F1-paginate-0 h1 solved calls=5 dups=0+0 turns=6 39.0s
[mhot] F1-paginate-1 h1 solved calls=5 dups=0+0 turns=6 50.6s
[mhot] F1-paginate-2 h1 solved calls=5 dups=0+0 turns=6 51.9s
[mhot] F1-paginate-3 h1 solved calls=5 dups=0+0 turns=6 43.6s
[mhot] F1-paginate-4 h1 solved calls=5 dups=0+0 turns=6 50.3s
[mhot] F1-paginate-5 h1 solved calls=5 dups=0+0 turns=6 48.7s
[mhot] F2-eacces-0 h1 solved calls=2 dups=0+0 turns=3 11.8s
[mhot] F2-eacces-1 h1 solved calls=2 dups=0+0 turns=3 11.2s
[mhot] F2-eacces-2 h1 solved calls=2 dups=0+0 turns=3 11.0s
[mhot] F2-eacces-3 h1 solved calls=2 dups=0+0 turns=3 9.6s
[mhot] F2-eacces-4 h1 solved calls=2 dups=0+0 turns=3 8.4s
[mhot] F2-eacces-5 h1 solved calls=2 dups=0+0 turns=3 12.0s
[mhot] F3-fanout-0 h1 solved calls=12 dups=0+0 turns=2 30.3s
[mhot] F3-fanout-1 h1 solved calls=12 dups=0+0 turns=2 32.7s
[mhot] F3-fanout-2 h1 solved calls=12 dups=0+0 turns=2 30.5s
[mhot] F3-fanout-3 h1 solved calls=12 dups=0+0 turns=2 31.3s
[mhot] F3-fanout-4 h1 solved calls=12 dups=0+0 turns=2 34.5s
[mhot] F3-fanout-5 h1 solved calls=12 dups=0+0 turns=2 34.8s
[mhot] F4-fixloop-0 h1 solved calls=4 dups=0+0 turns=4 25.4s
[mhot] F4-fixloop-1 h1 solved calls=4 dups=0+0 turns=4 34.0s
[mhot] F4-fixloop-2 h1 solved calls=4 dups=0+0 turns=4 24.5s
[mhot] F4-fixloop-3 h1 solved calls=4 dups=0+0 turns=4 23.5s
[mhot] F4-fixloop-4 h1 solved calls=4 dups=0+0 turns=4 21.6s
[mhot] F4-fixloop-5 h1 solved calls=4 dups=0+0 turns=4 27.3s
[mhot] F5-enoent-0 h1 solved calls=3 dups=0+0 turns=4 11.1s
[mhot] F5-enoent-1 h1 solved calls=3 dups=0+0 turns=4 14.1s
[mhot] F5-enoent-2 h1 solved calls=3 dups=0+0 turns=4 16.4s
[mhot] F5-enoent-3 h1 solved calls=3 dups=0+0 turns=4 16.5s
[mhot] F5-enoent-4 h1 solved calls=3 dups=0+0 turns=4 12.9s
[mhot] F5-enoent-5 h1 solved calls=3 dups=0+0 turns=4 15.8s
[mhot] F6-multihop-0 h1 solved calls=2 dups=0+0 turns=3 10.2s
[mhot] F6-multihop-1 h1 solved calls=2 dups=0+0 turns=3 10.4s
[mhot] F6-multihop-2 h1 solved calls=2 dups=0+0 turns=3 10.3s
[mhot] F6-multihop-3 h1 solved calls=2 dups=0+0 turns=3 9.7s
[mhot] F6-multihop-4 h1 solved calls=2 dups=0+0 turns=3 9.1s
[mhot] F6-multihop-5 h1 solved calls=2 dups=0+0 turns=3 6.3s
FLOOD mhot: solved 72/72 | within-turn rep 0.00% | cross-turn rep 0.00% | flood turns 0 (tasks 0) | max calls/turn 12 | unsolved {'no_answer': 0, 'truncated': 0, 'error': 0, 'wrong': 0, 'flooded': 0} | h0 rep 0.00% h1 rep 0.00%
