[mctrl] F1-paginate-0 h0 solved calls=5 dups=0+0 turns=6 48.8s
[mctrl] F1-paginate-1 h0 solved calls=5 dups=0+0 turns=6 58.7s
[mctrl] F1-paginate-2 h0 solved calls=5 dups=0+0 turns=6 62.4s
[mctrl] F1-paginate-3 h0 solved calls=5 dups=0+0 turns=6 48.0s
[mctrl] F1-paginate-4 h0 solved calls=5 dups=0+0 turns=6 58.1s
[mctrl] F1-paginate-5 h0 solved calls=5 dups=0+0 turns=6 59.3s
[mctrl] F2-eacces-0 h0 solved calls=2 dups=0+0 turns=3 13.9s
[mctrl] F2-eacces-1 h0 solved calls=2 dups=0+0 turns=3 15.5s
[mctrl] F2-eacces-2 h0 solved calls=2 dups=0+0 turns=3 14.6s
[mctrl] F2-eacces-3 h0 solved calls=2 dups=0+0 turns=3 15.4s
[mctrl] F2-eacces-4 h0 solved calls=2 dups=0+0 turns=3 16.0s
[mctrl] F2-eacces-5 h0 solved calls=2 dups=0+0 turns=3 18.3s
[mctrl] F3-fanout-0 h0 solved calls=13 dups=0+0 turns=2 49.1s
[mctrl] F3-fanout-1 h0 solved calls=12 dups=0+0 turns=2 39.3s
[mctrl] F3-fanout-2 h0 solved calls=12 dups=0+0 turns=2 36.2s
[mctrl] F3-fanout-3 h0 solved calls=12 dups=0+0 turns=2 36.5s
[mctrl] F3-fanout-4 h0 solved calls=13 dups=0+0 turns=2 60.3s
[mctrl] F3-fanout-5 h0 solved calls=12 dups=0+0 turns=2 43.8s
[mctrl] F4-fixloop-0 h0 solved calls=4 dups=0+0 turns=4 17.6s
[mctrl] F4-fixloop-1 h0 solved calls=4 dups=0+0 turns=4 21.4s
[mctrl] F4-fixloop-2 h0 solved calls=4 dups=0+0 turns=4 19.1s
[mctrl] F4-fixloop-3 h0 solved calls=4 dups=0+0 turns=4 19.8s
[mctrl] F4-fixloop-4 h0 solved calls=4 dups=0+0 turns=4 17.6s
[mctrl] F4-fixloop-5 h0 solved calls=4 dups=0+0 turns=4 22.2s
[mctrl] F5-enoent-0 h0 solved calls=3 dups=0+0 turns=4 19.0s
[mctrl] F5-enoent-1 h0 solved calls=4 dups=0+0 turns=5 29.7s
[mctrl] F5-enoent-2 h0 solved calls=3 dups=0+0 turns=4 21.3s
[mctrl] F5-enoent-3 h0 solved calls=3 dups=0+0 turns=4 17.3s
[mctrl] F5-enoent-4 h0 solved calls=3 dups=0+0 turns=4 28.1s
[mctrl] F5-enoent-5 h0 solved calls=3 dups=0+0 turns=4 23.5s
[mctrl] F6-multihop-0 h0 solved calls=2 dups=0+0 turns=3 11.8s
[mctrl] F6-multihop-1 h0 solved calls=2 dups=0+0 turns=3 12.3s
[mctrl] F6-multihop-2 h0 solved calls=2 dups=0+0 turns=3 12.4s
[mctrl] F6-multihop-3 h0 solved calls=2 dups=0+0 turns=3 14.5s
[mctrl] F6-multihop-4 h0 solved calls=2 dups=0+0 turns=3 14.8s
[mctrl] F6-multihop-5 h0 solved calls=2 dups=0+0 turns=3 16.2s
[mctrl] F1-paginate-0 h1 solved calls=5 dups=0+0 turns=6 47.7s
[mctrl] F1-paginate-1 h1 solved calls=5 dups=0+0 turns=6 62.4s
[mctrl] F1-paginate-2 h1 solved calls=5 dups=0+0 turns=6 65.9s
[mctrl] F1-paginate-3 h1 solved calls=5 dups=0+0 turns=6 51.0s
[mctrl] F1-paginate-4 h1 solved calls=5 dups=0+0 turns=6 59.5s
[mctrl] F1-paginate-5 h1 solved calls=5 dups=0+0 turns=6 61.8s
[mctrl] F2-eacces-0 h1 solved calls=2 dups=0+0 turns=3 13.0s
[mctrl] F2-eacces-1 h1 solved calls=2 dups=0+0 turns=3 10.9s
[mctrl] F2-eacces-2 h1 solved calls=2 dups=0+0 turns=3 14.4s
[mctrl] F2-eacces-3 h1 solved calls=2 dups=0+0 turns=3 10.6s
[mctrl] F2-eacces-4 h1 solved calls=2 dups=0+0 turns=3 10.3s
[mctrl] F2-eacces-5 h1 solved calls=2 dups=0+0 turns=3 12.6s
[mctrl] F3-fanout-0 h1 solved calls=12 dups=0+0 turns=2 38.1s
[mctrl] F3-fanout-1 h1 solved calls=12 dups=0+0 turns=2 39.1s
[mctrl] F3-fanout-2 h1 solved calls=12 dups=0+0 turns=2 36.3s
[mctrl] F3-fanout-3 h1 solved calls=12 dups=0+0 turns=2 38.4s
[mctrl] F3-fanout-4 h1 solved calls=12 dups=0+0 turns=2 40.8s
[mctrl] F3-fanout-5 h1 solved calls=12 dups=0+0 turns=2 41.0s
[mctrl] F4-fixloop-0 h1 solved calls=4 dups=0+0 turns=4 43.0s
[mctrl] F4-fixloop-1 h1 solved calls=4 dups=0+0 turns=4 27.0s
[mctrl] F4-fixloop-2 h1 solved calls=4 dups=0+0 turns=4 33.1s
[mctrl] F4-fixloop-3 h1 solved calls=4 dups=0+0 turns=4 31.0s
[mctrl] F4-fixloop-4 h1 solved calls=4 dups=0+0 turns=4 26.9s
[mctrl] F4-fixloop-5 h1 solved calls=4 dups=0+0 turns=4 24.1s
[mctrl] F5-enoent-0 h1 solved calls=3 dups=0+0 turns=4 23.6s
[mctrl] F5-enoent-1 h1 solved calls=3 dups=0+0 turns=4 20.6s
[mctrl] F5-enoent-2 h1 solved calls=3 dups=0+0 turns=4 22.6s
[mctrl] F5-enoent-3 h1 solved calls=3 dups=0+0 turns=4 15.3s
[mctrl] F5-enoent-4 h1 solved calls=3 dups=0+0 turns=4 21.1s
[mctrl] F5-enoent-5 h1 solved calls=3 dups=0+0 turns=4 21.5s
[mctrl] F6-multihop-0 h1 solved calls=2 dups=0+0 turns=3 12.5s
[mctrl] F6-multihop-1 h1 solved calls=2 dups=0+0 turns=3 12.5s
[mctrl] F6-multihop-2 h1 solved calls=2 dups=0+0 turns=3 13.8s
[mctrl] F6-multihop-3 h1 solved calls=2 dups=0+0 turns=3 13.7s
[mctrl] F6-multihop-4 h1 solved calls=2 dups=0+0 turns=3 12.6s
[mctrl] F6-multihop-5 h1 solved calls=2 dups=0+0 turns=3 8.8s
FLOOD mctrl: solved 72/72 | within-turn rep 0.00% | cross-turn rep 0.00% | flood turns 0 (tasks 0) | max calls/turn 13 | unsolved {'no_answer': 0, 'truncated': 0, 'error': 0, 'wrong': 0, 'flooded': 0} | h0 rep 0.00% h1 rep 0.00%
