[rlhot] F1-paginate-0 h0 solved calls=5 dups=0+0 turns=6 42.8s
[rlhot] F1-paginate-1 h0 solved calls=5 dups=0+0 turns=6 49.9s
[rlhot] F1-paginate-2 h0 solved calls=5 dups=0+0 turns=6 51.2s
[rlhot] F1-paginate-3 h0 solved calls=5 dups=0+0 turns=6 44.0s
[rlhot] F1-paginate-4 h0 solved calls=5 dups=0+0 turns=6 48.3s
[rlhot] F1-paginate-5 h0 solved calls=5 dups=0+0 turns=6 49.8s
[rlhot] F2-eacces-0 h0 solved calls=2 dups=0+0 turns=3 19.1s
[rlhot] F2-eacces-1 h0 solved calls=2 dups=0+0 turns=3 14.9s
[rlhot] F2-eacces-2 h0 solved calls=2 dups=0+0 turns=3 13.0s
[rlhot] F2-eacces-3 h0 solved calls=2 dups=0+0 turns=3 16.5s
[rlhot] F2-eacces-4 h0 solved calls=2 dups=0+0 turns=3 10.2s
[rlhot] F2-eacces-5 h0 solved calls=2 dups=0+0 turns=3 12.7s
[rlhot] F3-fanout-0 h0 solved calls=12 dups=0+0 turns=2 30.2s
[rlhot] F3-fanout-1 h0 solved calls=12 dups=0+0 turns=2 32.6s
[rlhot] F3-fanout-2 h0 solved calls=12 dups=0+0 turns=2 30.6s
[rlhot] F3-fanout-3 h0 solved calls=12 dups=0+0 turns=2 31.2s
[rlhot] F3-fanout-4 h0 solved calls=12 dups=0+0 turns=2 35.4s
[rlhot] F3-fanout-5 h0 solved calls=12 dups=0+0 turns=2 35.7s
[rlhot] F4-fixloop-0 h0 solved calls=4 dups=0+0 turns=4 12.8s
[rlhot] F4-fixloop-1 h0 solved calls=4 dups=0+0 turns=4 24.1s
[rlhot] F4-fixloop-2 h0 solved calls=4 dups=0+0 turns=4 18.7s
[rlhot] F4-fixloop-3 h0 solved calls=4 dups=0+0 turns=4 15.4s
[rlhot] F4-fixloop-4 h0 solved calls=4 dups=0+0 turns=4 15.2s
[rlhot] F4-fixloop-5 h0 solved calls=4 dups=0+0 turns=4 21.3s
[rlhot] F5-enoent-0 h0 solved calls=3 dups=0+0 turns=4 14.1s
[rlhot] F5-enoent-1 h0 solved calls=6 dups=0+0 turns=4 26.2s
[rlhot] F5-enoent-2 h0 solved calls=4 dups=0+0 turns=4 16.0s
[rlhot] F5-enoent-3 h0 solved calls=4 dups=0+0 turns=4 16.0s
[rlhot] F5-enoent-4 h0 solved calls=3 dups=0+0 turns=4 14.0s
[rlhot] F5-enoent-5 h0 solved calls=3 dups=0+0 turns=4 17.6s
[rlhot] F6-multihop-0 h0 solved calls=2 dups=0+0 turns=3 9.6s
[rlhot] F6-multihop-1 h0 solved calls=2 dups=0+0 turns=3 10.0s
[rlhot] F6-multihop-2 h0 solved calls=2 dups=0+0 turns=3 9.7s
[rlhot] F6-multihop-3 h0 solved calls=2 dups=0+0 turns=3 10.4s
[rlhot] F6-multihop-4 h0 solved calls=2 dups=0+0 turns=3 11.2s
[rlhot] F6-multihop-5 h0 solved calls=2 dups=0+0 turns=3 10.4s
[rlhot] F1-paginate-0 h1 solved calls=421 dups=415+415 turns=6 848.2s
[rlhot] F1-paginate-1 h1 solved calls=551 dups=543+544 turns=6 1366.0s
[rlhot] F1-paginate-2 h1 solved calls=849 dups=841+843 turns=6 2359.2s
[rlhot] F1-paginate-3 h1 wrong calls=733 dups=726+727 turns=5 1930.1s
