[mctrl] parity-agent-tool-1 positions=37 1.8s
[mctrl] parity-agent-tool-2 positions=52 1.8s
[mctrl] parity-agent-code-1 positions=306 1.8s
[mctrl] parity-agent-code-2 positions=131 1.8s
[mctrl] parity-agent-shell-1 positions=141 1.1s
[mctrl] parity-agent-structured-1 positions=79 1.9s
[mctrl] parity-agent-structured-2 positions=169 1.9s
[mctrl] parity-agent-prose-1 positions=202 1.9s
[mctrl] parity-heldout-math-1 positions=285 3.2s
[mctrl] parity-heldout-math-2 positions=287 2.3s
[mctrl] parity-heldout-math-3 positions=304 2.3s
[mctrl] parity-heldout-math-4 positions=281 2.3s
[mctrl] parity-heldout-math-5 positions=284 2.3s
[mctrl] parity-heldout-jpde-1 positions=265 2.3s
[mctrl] parity-heldout-jpde-2 positions=291 2.3s
[mctrl] parity-heldout-jpde-3 positions=301 2.3s
[mctrl] parity-heldout-jpde-4 positions=294 1.5s
[mctrl] parity-heldout-jpde-5 positions=292 3.0s
[mctrl] BA-10k-0 positions=4095 6.1s
[mctrl] BA-10k-1 positions=4095 9.2s
[mctrl] BA-10k-2 positions=2514 9.2s
[mctrl] CAT-10k-0 positions=4095 10.7s
[mctrl] CAT-10k-1 positions=4095 10.6s
[mctrl] CAT-10k-2 positions=4061 10.7s
[mctrl] GS-10k-0 positions=4095 12.1s
[mctrl] GS-10k-1 positions=4095 12.1s
[mctrl] GS-10k-2 positions=4095 12.1s
[mctrl] JPM-10k-0 positions=4095 11.9s
[mctrl] JPM-10k-1 positions=4095 12.0s
[mctrl] JPM-10k-2 positions=4095 12.0s
[mctrl] PFE-10k-0 positions=4095 12.0s
[mctrl] PFE-10k-1 positions=4095 12.1s
[mctrl] PFE-10k-2 positions=2627 10.6s
[mctrl] TSLA-10k-0 positions=4095 10.7s
[mctrl] TSLA-10k-1 positions=2541 9.2s
[mctrl] TSLA-10k-2 positions=2426 9.3s
[mctrl] WMT-10k-0 positions=4095 10.8s
[mctrl] WMT-10k-1 positions=2503 10.1s
[mctrl] WMT-10k-2 positions=2381 8.6s
[mctrl] wrote tf-mctrl.jsonl: docs=39 errors=0 positions=80384 wall=67s
