rep0  prose ttft=0.463s ct=512 tok/s=54.01
rep0  prose ttft=0.471s ct=512 tok/s=50.84
rep0   code ttft=0.487s ct=512 tok/s=49.94
rep0   code ttft=0.508s ct=512 tok/s=52.11
rep0 reason ttft=0.604s ct=512 tok/s=54.61
rep0 reason ttft=0.512s ct=512 tok/s=50.89
rep0   list ttft=0.516s ct=512 tok/s=56.59
rep0 dialog ttft=0.478s ct=512 tok/s=50.18
rep1  prose ttft=0.445s ct=512 tok/s=54.01
rep1  prose ttft=0.471s ct=512 tok/s=50.85
rep1   code ttft=0.488s ct=512 tok/s=49.94
rep1   code ttft=0.509s ct=512 tok/s=52.14
rep1 reason ttft=0.601s ct=512 tok/s=54.61
rep1 reason ttft=0.511s ct=512 tok/s=50.89
rep1   list ttft=15.371s ct=512 tok/s=56.86
rep1 dialog ttft=0.477s ct=512 tok/s=50.22
rep2  prose ttft=0.447s ct=512 tok/s=54.01
rep2  prose ttft=0.472s ct=512 tok/s=50.76
rep2   code ttft=0.488s ct=512 tok/s=49.93
rep2   code ttft=0.509s ct=512 tok/s=52.13
rep2 reason ttft=0.602s ct=512 tok/s=54.60
rep2 reason ttft=0.511s ct=512 tok/s=50.87
rep2   list ttft=0.515s ct=512 tok/s=56.59
rep2 dialog ttft=0.477s ct=512 tok/s=50.22
rep3  prose ttft=0.445s ct=512 tok/s=54.01
rep3  prose ttft=0.471s ct=512 tok/s=50.83
rep3   code ttft=0.488s ct=512 tok/s=49.93
rep3   code ttft=0.509s ct=512 tok/s=52.13
rep3 reason ttft=0.602s ct=512 tok/s=54.60
rep3 reason ttft=0.511s ct=512 tok/s=50.87
rep3   list ttft=0.515s ct=512 tok/s=56.58
rep3 dialog ttft=0.477s ct=512 tok/s=50.22
 prose median=54.01 spread=0.0% ttft=0.445
 prose median=50.83 spread=0.2% ttft=0.471
  code median=49.93 spread=0.0% ttft=0.488
  code median=52.13 spread=0.0% ttft=0.509
reason median=54.60 spread=0.0% ttft=0.602
reason median=50.87 spread=0.0% ttft=0.511
  list median=56.59 spread=0.5% ttft=0.515
dialog median=50.22 spread=0.0% ttft=0.477
SUMMARY {"lane": "K1-256K", "max_tokens": 512, "scored_reps": 3, "prompts": 8, "c1_median_tok_s": 51.50393764740308, "max_spread_pct": 0.4849724989941665, "ttft_median": 0.4983654022216797}
