[v18] parity-agent-tool-1 positions=37 0.5s
[v18] parity-agent-tool-2 positions=48 0.5s
[v18] parity-agent-code-1 positions=293 0.5s
[v18] parity-agent-code-2 positions=123 0.5s
[v18] parity-agent-shell-1 positions=135 0.4s
[v18] parity-agent-structured-1 positions=76 0.4s
[v18] parity-agent-structured-2 positions=160 0.4s
[v18] parity-agent-prose-1 positions=202 0.4s
[v18] parity-heldout-math-1 positions=284 0.4s
[v18] parity-heldout-math-2 positions=285 0.4s
[v18] parity-heldout-math-3 positions=279 0.4s
[v18] parity-heldout-math-4 positions=278 0.4s
[v18] parity-heldout-math-5 positions=280 0.4s
[v18] parity-heldout-jpde-1 positions=296 0.4s
[v18] parity-heldout-jpde-2 positions=291 0.4s
[v18] parity-heldout-jpde-3 positions=295 0.4s
[v18] parity-heldout-jpde-4 positions=285 0.5s
[v18] parity-heldout-jpde-5 positions=295 0.8s
[v18] BA-10k-0 positions=4095 0.8s
[v18] BA-10k-1 positions=4095 1.4s
[v18] BA-10k-2 positions=2482 1.2s
[v18] CAT-10k-0 positions=4095 1.5s
[v18] CAT-10k-1 positions=4095 1.7s
[v18] CAT-10k-2 positions=3461 1.2s
[v18] GS-10k-0 positions=4095 1.0s
[v18] GS-10k-1 positions=4095 0.9s
[v18] GS-10k-2 positions=4095 1.0s
[v18] JPM-10k-0 positions=4095 1.3s
[v18] JPM-10k-1 positions=4095 1.1s
[v18] JPM-10k-2 positions=4095 1.0s
[v18] PFE-10k-0 positions=4095 1.1s
[v18] PFE-10k-1 positions=4095 1.0s
[v18] PFE-10k-2 positions=2570 1.0s
[v18] TSLA-10k-0 positions=4095 1.0s
[v18] TSLA-10k-1 positions=2493 0.8s
[v18] TSLA-10k-2 positions=2422 1.1s
[v18] WMT-10k-0 positions=4095 1.1s
[v18] WMT-10k-1 positions=2466 1.1s
[v18] WMT-10k-2 positions=2378 0.7s
[v18] wrote tf-v18.jsonl: docs=39 positions=79544 wall=8s
