[v14nohook] parity-agent-tool-1 positions=37 1.9s
[v14nohook] parity-agent-tool-2 positions=48 1.9s
[v14nohook] parity-agent-code-1 positions=293 1.9s
[v14nohook] parity-agent-code-2 positions=123 1.9s
[v14nohook] parity-agent-shell-1 positions=135 0.4s
[v14nohook] parity-agent-structured-1 positions=76 0.4s
[v14nohook] parity-agent-structured-2 positions=160 0.4s
[v14nohook] parity-agent-prose-1 positions=202 0.4s
[v14nohook] parity-heldout-math-1 positions=284 1.4s
[v14nohook] parity-heldout-math-2 positions=285 1.4s
[v14nohook] parity-heldout-math-3 positions=279 1.4s
[v14nohook] parity-heldout-math-4 positions=278 1.4s
[v14nohook] parity-heldout-math-5 positions=280 0.4s
[v14nohook] parity-heldout-jpde-1 positions=296 0.4s
[v14nohook] parity-heldout-jpde-2 positions=291 0.4s
[v14nohook] parity-heldout-jpde-3 positions=295 0.4s
[v14nohook] parity-heldout-jpde-4 positions=285 0.6s
[v14nohook] parity-heldout-jpde-5 positions=295 1.2s
[v14nohook] BA-10k-0 positions=4095 1.2s
[v14nohook] BA-10k-1 positions=4095 1.9s
[v14nohook] BA-10k-2 positions=2482 1.6s
[v14nohook] CAT-10k-0 positions=4095 1.5s
[v14nohook] CAT-10k-1 positions=4095 2.3s
[v14nohook] CAT-10k-2 positions=3461 1.6s
[v14nohook] GS-10k-0 positions=4095 1.4s
[v14nohook] GS-10k-1 positions=4095 1.3s
[v14nohook] GS-10k-2 positions=4095 1.0s
[v14nohook] JPM-10k-0 positions=4095 1.2s
[v14nohook] JPM-10k-1 positions=4095 1.1s
[v14nohook] JPM-10k-2 positions=4095 0.9s
[v14nohook] PFE-10k-0 positions=4095 1.0s
[v14nohook] PFE-10k-1 positions=4095 1.0s
[v14nohook] PFE-10k-2 positions=2570 1.0s
[v14nohook] TSLA-10k-0 positions=4095 1.0s
[v14nohook] TSLA-10k-1 positions=2493 0.8s
[v14nohook] TSLA-10k-2 positions=2422 1.0s
[v14nohook] WMT-10k-0 positions=4095 1.0s
[v14nohook] WMT-10k-1 positions=2466 1.0s
[v14nohook] WMT-10k-2 positions=2378 0.7s
[v14nohook] wrote tf-v14nohook.jsonl: docs=39 positions=79544 wall=11s
