rep0  prose ttft=0.948s ct=512 tok/s=52.58
rep0  prose ttft=0.474s ct=512 tok/s=49.87
rep0   code ttft=0.509s ct=512 tok/s=52.97
rep0   code ttft=0.513s ct=512 tok/s=53.78
rep0 reason ttft=0.682s ct=512 tok/s=60.60
rep0 reason ttft=0.511s ct=512 tok/s=51.16
rep0   list ttft=0.531s ct=512 tok/s=59.79
rep0 dialog ttft=0.476s ct=512 tok/s=51.76
rep1  prose ttft=0.462s ct=512 tok/s=52.87
rep1  prose ttft=0.472s ct=512 tok/s=49.88
rep1   code ttft=0.503s ct=512 tok/s=52.97
rep1   code ttft=0.511s ct=512 tok/s=53.80
rep1 reason ttft=0.622s ct=512 tok/s=60.46
rep1 reason ttft=0.512s ct=512 tok/s=51.17
rep1   list ttft=0.520s ct=512 tok/s=59.81
rep1 dialog ttft=0.476s ct=512 tok/s=51.76
rep2  prose ttft=0.462s ct=512 tok/s=52.86
rep2  prose ttft=0.472s ct=512 tok/s=49.89
rep2   code ttft=0.504s ct=512 tok/s=52.97
rep2   code ttft=0.512s ct=512 tok/s=53.81
rep2 reason ttft=0.623s ct=512 tok/s=60.45
rep2 reason ttft=0.511s ct=512 tok/s=51.17
rep2   list ttft=0.520s ct=512 tok/s=59.78
rep2 dialog ttft=0.476s ct=512 tok/s=51.76
rep3  prose ttft=0.462s ct=512 tok/s=52.87
rep3  prose ttft=0.473s ct=512 tok/s=49.87
rep3   code ttft=0.504s ct=512 tok/s=52.97
rep3   code ttft=0.512s ct=512 tok/s=53.81
rep3 reason ttft=0.623s ct=512 tok/s=60.46
rep3 reason ttft=0.511s ct=512 tok/s=51.18
rep3   list ttft=0.521s ct=512 tok/s=59.79
rep3 dialog ttft=0.476s ct=512 tok/s=51.76
 prose median=52.87 spread=0.0% ttft=0.462
 prose median=49.88 spread=0.0% ttft=0.472
  code median=52.97 spread=0.0% ttft=0.504
  code median=53.81 spread=0.0% ttft=0.512
reason median=60.46 spread=0.0% ttft=0.623
reason median=51.17 spread=0.0% ttft=0.511
  list median=59.79 spread=0.0% ttft=0.520
dialog median=51.76 spread=0.0% ttft=0.476
SUMMARY {"lane": "K2-256K", "max_tokens": 512, "scored_reps": 3, "prompts": 8, "c1_median_tok_s": 52.91980135341225, "max_spread_pct": 0.035745947604764454, "ttft_median": 0.5073007345199585}
