[r2] parity-agent-tool-1 positions=37 4.1s
[r2] parity-agent-tool-2 positions=48 4.1s
[r2] parity-agent-code-1 positions=293 4.1s
[r2] parity-agent-code-2 positions=123 4.1s
[r2] parity-agent-shell-1 positions=135 2.1s
[r2] parity-agent-structured-1 positions=76 2.1s
[r2] parity-agent-structured-2 positions=160 2.1s
[r2] parity-agent-prose-1 positions=202 2.1s
[r2] parity-heldout-math-1 positions=284 0.4s
[r2] parity-heldout-math-2 positions=285 0.4s
[r2] parity-heldout-math-3 positions=279 0.4s
[r2] parity-heldout-math-4 positions=278 0.4s
[r2] parity-heldout-math-5 positions=280 0.4s
[r2] parity-heldout-jpde-1 positions=296 0.4s
[r2] parity-heldout-jpde-2 positions=291 0.4s
[r2] parity-heldout-jpde-3 positions=295 0.4s
[r2] parity-heldout-jpde-4 positions=285 0.5s
[r2] parity-heldout-jpde-5 positions=295 0.8s
[r2] BA-10k-0 positions=4095 0.8s
[r2] BA-10k-1 positions=4095 3.6s
[r2] BA-10k-2 positions=2482 3.4s
[r2] CAT-10k-0 positions=4095 3.6s
[r2] CAT-10k-1 positions=4095 3.9s
[r2] CAT-10k-2 positions=3461 1.0s
[r2] GS-10k-0 positions=4095 0.9s
[r2] GS-10k-1 positions=4095 0.8s
[r2] GS-10k-2 positions=4095 0.9s
[r2] JPM-10k-0 positions=4095 1.2s
[r2] JPM-10k-1 positions=4095 1.0s
[r2] JPM-10k-2 positions=4095 0.9s
[r2] PFE-10k-0 positions=4095 1.0s
[r2] PFE-10k-1 positions=4095 1.0s
[r2] PFE-10k-2 positions=2570 1.0s
[r2] TSLA-10k-0 positions=4095 1.0s
[r2] TSLA-10k-1 positions=2493 2.4s
[r2] TSLA-10k-2 positions=2422 2.7s
[r2] WMT-10k-0 positions=4095 2.7s
[r2] WMT-10k-1 positions=2466 2.7s
[r2] WMT-10k-2 positions=2378 0.7s
[r2] wrote tf-r2.jsonl: docs=39 errors=0 positions=79544 wall=17s
