[r3] parity-agent-tool-1 positions=37 0.5s
[r3] parity-agent-tool-2 positions=48 0.5s
[r3] parity-agent-code-1 positions=293 0.5s
[r3] parity-agent-code-2 positions=123 0.5s
[r3] parity-agent-shell-1 positions=135 0.4s
[r3] parity-agent-structured-1 positions=76 0.4s
[r3] parity-agent-structured-2 positions=160 0.4s
[r3] parity-agent-prose-1 positions=202 0.4s
[r3] parity-heldout-math-1 positions=284 1.4s
[r3] parity-heldout-math-2 positions=285 1.4s
[r3] parity-heldout-math-3 positions=279 1.4s
[r3] parity-heldout-math-4 positions=278 1.4s
[r3] parity-heldout-math-5 positions=280 0.4s
[r3] parity-heldout-jpde-1 positions=296 0.4s
[r3] parity-heldout-jpde-2 positions=291 0.4s
[r3] parity-heldout-jpde-3 positions=295 0.4s
[r3] parity-heldout-jpde-4 positions=285 0.5s
[r3] parity-heldout-jpde-5 positions=295 0.8s
[r3] BA-10k-0 positions=4095 0.8s
[r3] BA-10k-1 positions=4095 1.4s
[r3] BA-10k-2 positions=2482 2.7s
[r3] CAT-10k-0 positions=4095 2.5s
[r3] CAT-10k-1 positions=4095 2.9s
[r3] CAT-10k-2 positions=3461 0.7s
[r3] GS-10k-0 positions=4095 0.7s
[r3] GS-10k-1 positions=4095 0.7s
[r3] GS-10k-2 positions=4095 0.7s
[r3] JPM-10k-0 positions=4095 0.8s
[r3] JPM-10k-1 positions=4095 0.8s
[r3] JPM-10k-2 positions=4095 0.9s
[r3] PFE-10k-0 positions=4095 1.0s
[r3] PFE-10k-1 positions=4095 1.1s
[r3] PFE-10k-2 positions=2570 0.9s
[r3] TSLA-10k-0 positions=4095 0.9s
[r3] TSLA-10k-1 positions=2493 0.8s
[r3] TSLA-10k-2 positions=2422 0.8s
[r3] WMT-10k-0 positions=4095 1.0s
[r3] WMT-10k-1 positions=2466 0.8s
[r3] WMT-10k-2 positions=2378 0.6s
[r3] wrote tf-r3.jsonl: docs=39 errors=0 positions=79544 wall=10s
