[r1] parity-agent-tool-1 positions=37 0.6s
[r1] parity-agent-tool-2 positions=48 0.6s
[r1] parity-agent-code-1 positions=293 0.6s
[r1] parity-agent-code-2 positions=123 0.6s
[r1] parity-agent-shell-1 positions=135 0.4s
[r1] parity-agent-structured-1 positions=76 0.4s
[r1] parity-agent-structured-2 positions=160 0.4s
[r1] parity-agent-prose-1 positions=202 0.4s
[r1] parity-heldout-math-1 positions=284 0.4s
[r1] parity-heldout-math-2 positions=285 0.4s
[r1] parity-heldout-math-3 positions=279 0.4s
[r1] parity-heldout-math-4 positions=278 0.4s
[r1] parity-heldout-math-5 positions=280 0.4s
[r1] parity-heldout-jpde-1 positions=296 0.4s
[r1] parity-heldout-jpde-2 positions=291 0.4s
[r1] parity-heldout-jpde-3 positions=295 0.4s
[r1] parity-heldout-jpde-4 positions=285 0.5s
[r1] parity-heldout-jpde-5 positions=295 0.9s
[r1] BA-10k-0 positions=4095 0.9s
[r1] BA-10k-1 positions=4095 1.7s
[r1] BA-10k-2 positions=2482 1.5s
[r1] CAT-10k-0 positions=4095 1.6s
[r1] CAT-10k-1 positions=4095 1.9s
[r1] CAT-10k-2 positions=3461 1.1s
[r1] GS-10k-0 positions=4095 1.0s
[r1] GS-10k-1 positions=4095 0.9s
[r1] GS-10k-2 positions=4095 1.0s
[r1] JPM-10k-0 positions=4095 1.2s
[r1] JPM-10k-1 positions=4095 1.1s
[r1] JPM-10k-2 positions=4095 0.9s
[r1] PFE-10k-0 positions=4095 1.1s
[r1] PFE-10k-1 positions=4095 1.0s
[r1] PFE-10k-2 positions=2570 1.0s
[r1] TSLA-10k-0 positions=4095 1.0s
[r1] TSLA-10k-1 positions=2493 0.8s
[r1] TSLA-10k-2 positions=2422 1.0s
[r1] WMT-10k-0 positions=4095 1.0s
[r1] WMT-10k-1 positions=2466 1.1s
[r1] WMT-10k-2 positions=2378 0.7s
[r1] wrote tf-r1.jsonl: docs=39 errors=0 positions=79544 wall=8s
